Archive member included to satisfy reference by file (symbol)

/opt/st/stm32cubeide_1.0.1/plugins/com.st.stm32cube.ide.mcu.externaltools.gnu-tools-for-stm32.7-2018-q2-update.linux64_1.0.0.201904181610/tools/bin/../lib/gcc/arm-none-eabi/7.3.1/../../../../arm-none-eabi/lib/thumb/v7e-m/fpv5/hard/libc_nano.a(lib_a-atof.o)
                              Src/serial_interface.o (atof)
/opt/st/stm32cubeide_1.0.1/plugins/com.st.stm32cube.ide.mcu.externaltools.gnu-tools-for-stm32.7-2018-q2-update.linux64_1.0.0.201904181610/tools/bin/../lib/gcc/arm-none-eabi/7.3.1/../../../../arm-none-eabi/lib/thumb/v7e-m/fpv5/hard/libc_nano.a(lib_a-atoi.o)
                              Src/serial_interface.o (atoi)
/opt/st/stm32cubeide_1.0.1/plugins/com.st.stm32cube.ide.mcu.externaltools.gnu-tools-for-stm32.7-2018-q2-update.linux64_1.0.0.201904181610/tools/bin/../lib/gcc/arm-none-eabi/7.3.1/../../../../arm-none-eabi/lib/thumb/v7e-m/fpv5/hard/libc_nano.a(lib_a-errno.o)
                              Src/syscalls.o (__errno)
/opt/st/stm32cubeide_1.0.1/plugins/com.st.stm32cube.ide.mcu.externaltools.gnu-tools-for-stm32.7-2018-q2-update.linux64_1.0.0.201904181610/tools/bin/../lib/gcc/arm-none-eabi/7.3.1/../../../../arm-none-eabi/lib/thumb/v7e-m/fpv5/hard/libc_nano.a(lib_a-exit.o)
                              /opt/st/stm32cubeide_1.0.1/plugins/com.st.stm32cube.ide.mcu.externaltools.gnu-tools-for-stm32.7-2018-q2-update.linux64_1.0.0.201904181610/tools/bin/../lib/gcc/arm-none-eabi/7.3.1/../../../../arm-none-eabi/lib/thumb/v7e-m/fpv5/hard/crt0.o (exit)
/opt/st/stm32cubeide_1.0.1/plugins/com.st.stm32cube.ide.mcu.externaltools.gnu-tools-for-stm32.7-2018-q2-update.linux64_1.0.0.201904181610/tools/bin/../lib/gcc/arm-none-eabi/7.3.1/../../../../arm-none-eabi/lib/thumb/v7e-m/fpv5/hard/libc_nano.a(lib_a-impure.o)
                              /opt/st/stm32cubeide_1.0.1/plugins/com.st.stm32cube.ide.mcu.externaltools.gnu-tools-for-stm32.7-2018-q2-update.linux64_1.0.0.201904181610/tools/bin/../lib/gcc/arm-none-eabi/7.3.1/../../../../arm-none-eabi/lib/thumb/v7e-m/fpv5/hard/libc_nano.a(lib_a-exit.o) (_global_impure_ptr)
/opt/st/stm32cubeide_1.0.1/plugins/com.st.stm32cube.ide.mcu.externaltools.gnu-tools-for-stm32.7-2018-q2-update.linux64_1.0.0.201904181610/tools/bin/../lib/gcc/arm-none-eabi/7.3.1/../../../../arm-none-eabi/lib/thumb/v7e-m/fpv5/hard/libc_nano.a(lib_a-init.o)
                              /opt/st/stm32cubeide_1.0.1/plugins/com.st.stm32cube.ide.mcu.externaltools.gnu-tools-for-stm32.7-2018-q2-update.linux64_1.0.0.201904181610/tools/bin/../lib/gcc/arm-none-eabi/7.3.1/../../../../arm-none-eabi/lib/thumb/v7e-m/fpv5/hard/crt0.o (__libc_init_array)
/opt/st/stm32cubeide_1.0.1/plugins/com.st.stm32cube.ide.mcu.externaltools.gnu-tools-for-stm32.7-2018-q2-update.linux64_1.0.0.201904181610/tools/bin/../lib/gcc/arm-none-eabi/7.3.1/../../../../arm-none-eabi/lib/thumb/v7e-m/fpv5/hard/libc_nano.a(lib_a-memset.o)
                              /opt/st/stm32cubeide_1.0.1/plugins/com.st.stm32cube.ide.mcu.externaltools.gnu-tools-for-stm32.7-2018-q2-update.linux64_1.0.0.201904181610/tools/bin/../lib/gcc/arm-none-eabi/7.3.1/../../../../arm-none-eabi/lib/thumb/v7e-m/fpv5/hard/crt0.o (memset)
/opt/st/stm32cubeide_1.0.1/plugins/com.st.stm32cube.ide.mcu.externaltools.gnu-tools-for-stm32.7-2018-q2-update.linux64_1.0.0.201904181610/tools/bin/../lib/gcc/arm-none-eabi/7.3.1/../../../../arm-none-eabi/lib/thumb/v7e-m/fpv5/hard/libc_nano.a(lib_a-sprintf.o)
                              Src/obj_control.o (sprintf)
/opt/st/stm32cubeide_1.0.1/plugins/com.st.stm32cube.ide.mcu.externaltools.gnu-tools-for-stm32.7-2018-q2-update.linux64_1.0.0.201904181610/tools/bin/../lib/gcc/arm-none-eabi/7.3.1/../../../../arm-none-eabi/lib/thumb/v7e-m/fpv5/hard/libc_nano.a(lib_a-strtod.o)
                              /opt/st/stm32cubeide_1.0.1/plugins/com.st.stm32cube.ide.mcu.externaltools.gnu-tools-for-stm32.7-2018-q2-update.linux64_1.0.0.201904181610/tools/bin/../lib/gcc/arm-none-eabi/7.3.1/../../../../arm-none-eabi/lib/thumb/v7e-m/fpv5/hard/libc_nano.a(lib_a-atof.o) (strtod)
/opt/st/stm32cubeide_1.0.1/plugins/com.st.stm32cube.ide.mcu.externaltools.gnu-tools-for-stm32.7-2018-q2-update.linux64_1.0.0.201904181610/tools/bin/../lib/gcc/arm-none-eabi/7.3.1/../../../../arm-none-eabi/lib/thumb/v7e-m/fpv5/hard/libc_nano.a(lib_a-strtol.o)
                              /opt/st/stm32cubeide_1.0.1/plugins/com.st.stm32cube.ide.mcu.externaltools.gnu-tools-for-stm32.7-2018-q2-update.linux64_1.0.0.201904181610/tools/bin/../lib/gcc/arm-none-eabi/7.3.1/../../../../arm-none-eabi/lib/thumb/v7e-m/fpv5/hard/libc_nano.a(lib_a-atoi.o) (_strtol_r)
/opt/st/stm32cubeide_1.0.1/plugins/com.st.stm32cube.ide.mcu.externaltools.gnu-tools-for-stm32.7-2018-q2-update.linux64_1.0.0.201904181610/tools/bin/../lib/gcc/arm-none-eabi/7.3.1/../../../../arm-none-eabi/lib/thumb/v7e-m/fpv5/hard/libc_nano.a(lib_a-gdtoa-gethex.o)
[...]
Memory Configuration

Name             Origin             Length             Attributes
FLASH            0x0000000008000000 0x0000000000200000 xr
DTCMRAM          0x0000000020000000 0x0000000000020000 xrw
RAM_D1           0x0000000024000000 0x0000000000080000 xrw
ITCMRAM          0x0000000000000000 0x0000000000010000 xrw
RAM_D3           0x0000000038000000 0x0000000000010000 xrw
RAM_D2           0x0000000030000000 0x0000000000048000 xrw
*default*        0x0000000000000000 0xffffffffffffffff

Linker script and memory map

LOAD /opt/st/stm32cubeide_1.0.1/plugins/com.st.stm32cube.ide.mcu.externaltools.gnu-tools-for-stm32.7-2018-q2-update.linux64_1.0.0.201904181610/tools/bin/../lib/gcc/arm-none-eabi/7.3.1/thumb/v7e-m/fpv5/hard/crti.o
LOAD /opt/st/stm32cubeide_1.0.1/plugins/com.st.stm32cube.ide.mcu.externaltools.gnu-tools-for-stm32.7-2018-q2-update.linux64_1.0.0.201904181610/tools/bin/../lib/gcc/arm-none-eabi/7.3.1/thumb/v7e-m/fpv5/hard/crtbegin.o
LOAD /opt/st/stm32cubeide_1.0.1/plugins/com.st.stm32cube.ide.mcu.externaltools.gnu-tools-for-stm32.7-2018-q2-update.linux64_1.0.0.201904181610/tools/bin/../lib/gcc/arm-none-eabi/7.3.1/../../../../arm-none-eabi/lib/thumb/v7e-m/fpv5/hard/crt0.o
LOAD Drivers/STM32H7xx_HAL_Driver/Src/stm32h7xx_hal.o
LOAD Drivers/STM32H7xx_HAL_Driver/Src/stm32h7xx_hal_cortex.o
LOAD Drivers/STM32H7xx_HAL_Driver/Src/stm32h7xx_hal_dma.o
LOAD Drivers/STM32H7xx_HAL_Driver/Src/stm32h7xx_hal_dma_ex.o
LOAD Drivers/STM32H7xx_HAL_Driver/Src/stm32h7xx_hal_flash.o
LOAD Drivers/STM32H7xx_HAL_Driver/Src/stm32h7xx_hal_flash_ex.o
LOAD Drivers/STM32H7xx_HAL_Driver/Src/stm32h7xx_hal_gpio.o
LOAD Drivers/STM32H7xx_HAL_Driver/Src/stm32h7xx_hal_hsem.o
LOAD Drivers/STM32H7xx_HAL_Driver/Src/stm32h7xx_hal_i2c.o
LOAD Drivers/STM32H7xx_HAL_Driver/Src/stm32h7xx_hal_i2c_ex.o
LOAD Drivers/STM32H7xx_HAL_Driver/Src/stm32h7xx_hal_mdma.o
LOAD Drivers/STM32H7xx_HAL_Driver/Src/stm32h7xx_hal_pwr.o
LOAD Drivers/STM32H7xx_HAL_Driver/Src/stm32h7xx_hal_pwr_ex.o
LOAD Drivers/STM32H7xx_HAL_Driver/Src/stm32h7xx_hal_rcc.o
LOAD Drivers/STM32H7xx_HAL_Driver/Src/stm32h7xx_hal_rcc_ex.o
LOAD Drivers/STM32H7xx_HAL_Driver/Src/stm32h7xx_hal_tim.o
LOAD Drivers/STM32H7xx_HAL_Driver/Src/stm32h7xx_hal_tim_ex.o
LOAD Drivers/STM32H7xx_HAL_Driver/Src/stm32h7xx_hal_uart.o
LOAD Drivers/STM32H7xx_HAL_Driver/Src/stm32h7xx_hal_uart_ex.o
LOAD Src/_string.o
LOAD Src/calculates.o
LOAD Src/flash.o
LOAD Src/main.o
LOAD Src/main_task.o
LOAD Src/motion_control.o
LOAD Src/obj_control.o
LOAD Src/pulse_control.o
LOAD Src/serial_interface.o
LOAD Src/settings.o
LOAD Src/stm32h7xx_hal_msp.o
LOAD Src/stm32h7xx_it.o
LOAD Src/syscalls.o
LOAD Src/sysmem.o
LOAD Src/system_stm32h7xx.o
LOAD Src/uart.o
LOAD Src/uart2.o
LOAD Startup/startup_stm32h743zitx.o
START GROUP
LOAD /opt/st/stm32cubeide_1.0.1/plugins/com.st.stm32cube.ide.mcu.externaltools.gnu-tools-for-stm32.7-2018-q2-update.linux64_1.0.0.201904181610/tools/bin/../lib/gcc/arm-none-eabi/7.3.1/../../../../arm-none-eabi/lib/thumb/v7e-m/fpv5/hard/libc_nano.a
LOAD /opt/st/stm32cubeide_1.0.1/plugins/com.st.stm32cube.ide.mcu.externaltools.gnu-tools-for-stm32.7-2018-q2-update.linux64_1.0.0.201904181610/tools/bin/../lib/gcc/arm-none-eabi/7.3.1/../../../../arm-none-eabi/lib/thumb/v7e-m/fpv5/hard/libm.a
END GROUP
START GROUP
LOAD /opt/st/stm32cubeide_1.0.1/plugins/com.st.stm32cube.ide.mcu.externaltools.gnu-tools-for-stm32.7-2018-q2-update.linux64_1.0.0.201904181610/tools/bin/../lib/gcc/arm-none-eabi/7.3.1/thumb/v7e-m/fpv5/hard/libgcc.a
LOAD /opt/st/stm32cubeide_1.0.1/plugins/com.st.stm32cube.ide.mcu.externaltools.gnu-tools-for-stm32.7-2018-q2-update.linux64_1.0.0.201904181610/tools/bin/../lib/gcc/arm-none-eabi/7.3.1/../../../../arm-none-eabi/lib/thumb/v7e-m/fpv5/hard/libc_nano.a
END GROUP
START GROUP
LOAD /opt/st/stm32cubeide_1.0.1/plugins/com.st.stm32cube.ide.mcu.externaltools.gnu-tools-for-stm32.7-2018-q2-update.linux64_1.0.0.201904181610/tools/bin/../lib/gcc/arm-none-eabi/7.3.1/thumb/v7e-m/fpv5/hard/libgcc.a
LOAD /opt/st/stm32cubeide_1.0.1/plugins/com.st.stm32cube.ide.mcu.externaltools.gnu-tools-for-stm32.7-2018-q2-update.linux64_1.0.0.201904181610/tools/bin/../lib/gcc/arm-none-eabi/7.3.1/../../../../arm-none-eabi/lib/thumb/v7e-m/fpv5/hard/libc_nano.a
LOAD /opt/st/stm32cubeide_1.0.1/plugins/com.st.stm32cube.ide.mcu.externaltools.gnu-tools-for-stm32.7-2018-q2-update.linux64_1.0.0.201904181610/tools/bin/../lib/gcc/arm-none-eabi/7.3.1/../../../../arm-none-eabi/lib/thumb/v7e-m/fpv5/hard/libnosys.a
END GROUP
START GROUP
LOAD /opt/st/stm32cubeide_1.0.1/plugins/com.st.stm32cube.ide.mcu.externaltools.gnu-tools-for-stm32.7-2018-q2-update.linux64_1.0.0.201904181610/tools/bin/../lib/gcc/arm-none-eabi/7.3.1/thumb/v7e-m/fpv5/hard/libgcc.a
LOAD /opt/st/stm32cubeide_1.0.1/plugins/com.st.stm32cube.ide.mcu.externaltools.gnu-tools-for-stm32.7-2018-q2-update.linux64_1.0.0.201904181610/tools/bin/../lib/gcc/arm-none-eabi/7.3.1/../../../../arm-none-eabi/lib/thumb/v7e-m/fpv5/hard/libc_nano.a
LOAD /opt/st/stm32cubeide_1.0.1/plugins/com.st.stm32cube.ide.mcu.externaltools.gnu-tools-for-stm32.7-2018-q2-update.linux64_1.0.0.201904181610/tools/bin/../lib/gcc/arm-none-eabi/7.3.1/../../../../arm-none-eabi/lib/thumb/v7e-m/fpv5/hard/libnosys.a
END GROUP
LOAD /opt/st/stm32cubeide_1.0.1/plugins/com.st.stm32cube.ide.mcu.externaltools.gnu-tools-for-stm32.7-2018-q2-update.linux64_1.0.0.201904181610/tools/bin/../lib/gcc/arm-none-eabi/7.3.1/thumb/v7e-m/fpv5/hard/crtend.o
LOAD /opt/st/stm32cubeide_1.0.1/plugins/com.st.stm32cube.ide.mcu.externaltools.gnu-tools-for-stm32.7-2018-q2-update.linux64_1.0.0.201904181610/tools/bin/../lib/gcc/arm-none-eabi/7.3.1/thumb/v7e-m/fpv5/hard/crtn.o
                0x0000000024080000                _estack = 0x24080000
                0x0000000000000200                _Min_Heap_Size = 0x200
                0x0000000000000400                _Min_Stack_Size = 0x400

.isr_vector     0x0000000008000000      0x298
                0x0000000008000000                . = ALIGN (0x4)
 *(.isr_vector)
 .isr_vector    0x0000000008000000      0x298 Startup/startup_stm32h743zitx.o
                0x0000000008000000                g_pfnVectors
                0x0000000008000298                . = ALIGN (0x4)

.text           0x00000000080002a0    0x106b4
                0x00000000080002a0                . = ALIGN (0x4)
 *(.text)
 .text          0x00000000080002a0       0x40 /opt/st/stm32cubeide_1.0.1/plugins/com.st.stm32cube.ide.mcu.externaltools.gnu-tools-for-stm32.7-2018-q2-update.linux64_1.0.0.201904181610/tools/bin/../lib/gcc/arm-none-eabi/7.3.1/thumb/v7e-m/fpv5/hard/crtbegin.o
 .text          0x00000000080002e0       0x10 /opt/st/stm32cubeide_1.0.1/plugins/com.st.stm32cube.ide.mcu.externaltools.gnu-tools-for-stm32.7-2018-q2-update.linux64_1.0.0.201904181610/tools/bin/../lib/gcc/arm-none-eabi/7.3.1/../../../../arm-none-eabi/lib/thumb/v7e-m/fpv5/hard/libc_nano.a(lib_a-strlen.o)
                0x00000000080002e0                strlen
 .text          0x00000000080002f0       0xa0 /opt/st/stm32cubeide_1.0.1/plugins/com.st.stm32cube.ide.mcu.externaltools.gnu-tools-for-stm32.7-2018-q2-update.linux64_1.0.0.201904181610/tools/bin/../lib/gcc/arm-none-eabi/7.3.1/../../../../arm-none-eabi/lib/thumb/v7e-m/fpv5/hard/libc_nano.a(lib_a-memchr.o)
                0x00000000080002f0                memchr
 .text          0x0000000008000390       0x30 /opt/st/stm32cubeide_1.0.1/plugins/com.st.stm32cube.ide.mcu.externaltools.gnu-tools-for-stm32.7-2018-q2-update.linux64_1.0.0.201904181610/tools/bin/../lib/gcc/arm-none-eabi/7.3.1/thumb/v7e-m/fpv5/hard/libgcc.a(_aeabi_uldivmod.o)
                0x0000000008000390                __aeabi_uldivmod
 .text          0x00000000080003c0      0x2cc /opt/st/stm32cubeide_1.0.1/plugins/com.st.stm32cube.ide.mcu.externaltools.gnu-tools-for-stm32.7-2018-q2-update.linux64_1.0.0.201904181610/tools/bin/../lib/gcc/arm-none-eabi/7.3.1/thumb/v7e-m/fpv5/hard/libgcc.a(_udivmoddi4.o)
                0x00000000080003c0                __udivmoddi4
 .text          0x000000000800068c        0x4 /opt/st/stm32cubeide_1.0.1/plugins/com.st.stm32cube.ide.mcu.externaltools.gnu-tools-for-stm32.7-2018-q2-update.linux64_1.0.0.201904181610/tools/bin/../lib/gcc/arm-none-eabi/7.3.1/thumb/v7e-m/fpv5/hard/libgcc.a(_dvmd_tls.o)
                0x000000000800068c                __aeabi_ldiv0
                0x000000000800068c                __aeabi_idiv0
 *(.text*)
 .text.HAL_Init
                0x0000000008000690       0x70 Drivers/STM32H7xx_HAL_Driver/Src/stm32h7xx_hal.o
                0x0000000008000690                HAL_Init
 .text.HAL_InitTick
                0x0000000008000700       0x6c Drivers/STM32H7xx_HAL_Driver/Src/stm32h7xx_hal.o
                0x0000000008000700                HAL_InitTick
 .text.HAL_IncTick
                0x000000000800076c       0x28 Drivers/STM32H7xx_HAL_Driver/Src/stm32h7xx_hal.o
                0x000000000800076c                HAL_IncTick
 .text.HAL_GetTick
                0x0000000008000794       0x18 Drivers/STM32H7xx_HAL_Driver/Src/stm32h7xx_hal.o
                0x0000000008000794                HAL_GetTick
 .text.HAL_Delay
                0x00000000080007ac       0x44 Drivers/STM32H7xx_HAL_Driver/Src/stm32h7xx_hal.o
                0x00000000080007ac                HAL_Delay
 .text.HAL_GetREVID
                0x00000000080007f0       0x18 Drivers/STM32H7xx_HAL_Driver/Src/stm32h7xx_hal.o
                0x00000000080007f0                HAL_GetREVID
 .text.__NVIC_SetPriorityGrouping
                0x0000000008000808       0x48 Drivers/STM32H7xx_HAL_Driver/Src/stm32h7xx_hal_cortex.o
 .text.__NVIC_GetPriorityGrouping
                0x0000000008000850       0x1c Drivers/STM32H7xx_HAL_Driver/Src/stm32h7xx_hal_cortex.o
 .text.__NVIC_EnableIRQ
                0x000000000800086c       0x3c Drivers/STM32H7xx_HAL_Driver/Src/stm32h7xx_hal_cortex.o
 .text.__NVIC_SetPriority
                0x00000000080008a8       0x54 Drivers/STM32H7xx_HAL_Driver/Src/stm32h7xx_hal_cortex.o
 .text.NVIC_EncodePriority
                0x00000000080008fc       0x66 Drivers/STM32H7xx_HAL_Driver/Src/stm32h7xx_hal_cortex.o
 *fill*         0x0000000008000962        0x2 
 .text.SysTick_Config
                0x0000000008000964       0x44 Drivers/STM32H7xx_HAL_Driver/Src/stm32h7xx_hal_cortex.o
 .text.HAL_NVIC_SetPriorityGrouping
                0x00000000080009a8       0x16 Drivers/STM32H7xx_HAL_Driver/Src/stm32h7xx_hal_cortex.o
                0x00000000080009a8                HAL_NVIC_SetPriorityGrouping
 .text.HAL_NVIC_SetPriority
                0x00000000080009be       0x34 Drivers/STM32H7xx_HAL_Driver/Src/stm32h7xx_hal_cortex.o
                0x00000000080009be                HAL_NVIC_SetPriority
 .text.HAL_NVIC_EnableIRQ
                0x00000000080009f2       0x1c Drivers/STM32H7xx_HAL_Driver/Src/stm32h7xx_hal_cortex.o
                0x00000000080009f2                HAL_NVIC_EnableIRQ
 .text.HAL_SYSTICK_Config
                0x0000000008000a0e       0x18 Drivers/STM32H7xx_HAL_Driver/Src/stm32h7xx_hal_cortex.o
                0x0000000008000a0e                HAL_SYSTICK_Config
 *fill*         0x0000000008000a26        0x2 
 .text.HAL_DMA_Start_IT
                0x0000000008000a28      0x3b8 Drivers/STM32H7xx_HAL_Driver/Src/stm32h7xx_hal_dma.o
                0x0000000008000a28                HAL_DMA_Start_IT
 .text.HAL_DMA_Abort_IT
                0x0000000008000de0      0x32c Drivers/STM32H7xx_HAL_Driver/Src/stm32h7xx_hal_dma.o
                0x0000000008000de0                HAL_DMA_Abort_IT
 .text.DMA_SetConfig
                0x000000000800110c      0x23c Drivers/STM32H7xx_HAL_Driver/Src/stm32h7xx_hal_dma.o
 .text.HAL_FLASH_Program
                0x0000000008001348      0x104 Drivers/STM32H7xx_HAL_Driver/Src/stm32h7xx_hal_flash.o
                0x0000000008001348                HAL_FLASH_Program
 .text.HAL_FLASH_Unlock
                0x000000000800144c       0x74 Drivers/STM32H7xx_HAL_Driver/Src/stm32h7xx_hal_flash.o
                0x000000000800144c                HAL_FLASH_Unlock
 .text.HAL_FLASH_Lock
                0x00000000080014c0       0x54 Drivers/STM32H7xx_HAL_Driver/Src/stm32h7xx_hal_flash.o
                0x00000000080014c0                HAL_FLASH_Lock
 .text.FLASH_WaitForLastOperation
                0x0000000008001514      0x138 Drivers/STM32H7xx_HAL_Driver/Src/stm32h7xx_hal_flash.o
                0x0000000008001514                FLASH_WaitForLastOperation
 .text.HAL_FLASHEx_Erase
                0x000000000800164c      0x194 Drivers/STM32H7xx_HAL_Driver/Src/stm32h7xx_hal_flash_ex.o
                0x000000000800164c                HAL_FLASHEx_Erase
 .text.FLASH_MassErase
                0x00000000080017e0       0xdc Drivers/STM32H7xx_HAL_Driver/Src/stm32h7xx_hal_flash_ex.o
 .text.FLASH_Erase_Sector
                0x00000000080018bc       0x98 Drivers/STM32H7xx_HAL_Driver/Src/stm32h7xx_hal_flash_ex.o
                0x00000000080018bc                FLASH_Erase_Sector
 .text.HAL_GPIO_Init
                0x0000000008001954      0x360 Drivers/STM32H7xx_HAL_Driver/Src/stm32h7xx_hal_gpio.o
                0x0000000008001954                HAL_GPIO_Init
 .text.HAL_GPIO_WritePin
                0x0000000008001cb4       0x32 Drivers/STM32H7xx_HAL_Driver/Src/stm32h7xx_hal_gpio.o
                0x0000000008001cb4                HAL_GPIO_WritePin
 *fill*         0x0000000008001ce6        0x2 
 .text.HAL_PWREx_ConfigSupply
                0x0000000008001ce8       0x70 Drivers/STM32H7xx_HAL_Driver/Src/stm32h7xx_hal_pwr_ex.o
                0x0000000008001ce8                HAL_PWREx_ConfigSupply
 .text.HAL_RCC_OscConfig
                0x0000000008001d58      0x770 Drivers/STM32H7xx_HAL_Driver/Src/stm32h7xx_hal_rcc.o
                0x0000000008001d58                HAL_RCC_OscConfig
 .text.HAL_RCC_ClockConfig
                0x00000000080024c8      0x340 Drivers/STM32H7xx_HAL_Driver/Src/stm32h7xx_hal_rcc.o
                0x00000000080024c8                HAL_RCC_ClockConfig
 .text.HAL_RCC_GetSysClockFreq
                0x0000000008002808      0x2e4 Drivers/STM32H7xx_HAL_Driver/Src/stm32h7xx_hal_rcc.o
                0x0000000008002808                HAL_RCC_GetSysClockFreq
 .text.HAL_RCC_GetHCLKFreq
                0x0000000008002aec       0x38 Drivers/STM32H7xx_HAL_Driver/Src/stm32h7xx_hal_rcc.o
                0x0000000008002aec                HAL_RCC_GetHCLKFreq
 .text.HAL_RCC_GetPCLK1Freq
                0x0000000008002b24       0x2c Drivers/STM32H7xx_HAL_Driver/Src/stm32h7xx_hal_rcc.o
                0x0000000008002b24                HAL_RCC_GetPCLK1Freq
 .text.HAL_RCC_GetPCLK2Freq
                0x0000000008002b50       0x2c Drivers/STM32H7xx_HAL_Driver/Src/stm32h7xx_hal_rcc.o
                0x0000000008002b50                HAL_RCC_GetPCLK2Freq
 .text.HAL_RCCEx_PeriphCLKConfig
                0x0000000008002b7c      0xde0 Drivers/STM32H7xx_HAL_Driver/Src/stm32h7xx_hal_rcc_ex.o
                0x0000000008002b7c                HAL_RCCEx_PeriphCLKConfig
 .text.HAL_RCCEx_GetD3PCLK1Freq
                0x000000000800395c       0x2c Drivers/STM32H7xx_HAL_Driver/Src/stm32h7xx_hal_rcc_ex.o
                0x000000000800395c                HAL_RCCEx_GetD3PCLK1Freq
 .text.HAL_RCCEx_GetPLL2ClockFreq
                0x0000000008003988      0x298 Drivers/STM32H7xx_HAL_Driver/Src/stm32h7xx_hal_rcc_ex.o
                0x0000000008003988                HAL_RCCEx_GetPLL2ClockFreq
 .text.HAL_RCCEx_GetPLL3ClockFreq
                0x0000000008003c20      0x298 Drivers/STM32H7xx_HAL_Driver/Src/stm32h7xx_hal_rcc_ex.o
                0x0000000008003c20                HAL_RCCEx_GetPLL3ClockFreq
 .text.HAL_RCCEx_GetD1SysClockFreq
                0x0000000008003eb8       0x38 Drivers/STM32H7xx_HAL_Driver/Src/stm32h7xx_hal_rcc_ex.o
                0x0000000008003eb8                HAL_RCCEx_GetD1SysClockFreq
 .text.RCCEx_PLL2_Config
                0x0000000008003ef0      0x164 Drivers/STM32H7xx_HAL_Driver/Src/stm32h7xx_hal_rcc_ex.o
 .text.RCCEx_PLL3_Config
                0x0000000008004054      0x164 Drivers/STM32H7xx_HAL_Driver/Src/stm32h7xx_hal_rcc_ex.o
 .text.HAL_TIM_Base_Init
                0x00000000080041b8       0x56 Drivers/STM32H7xx_HAL_Driver/Src/stm32h7xx_hal_tim.o
                0x00000000080041b8                HAL_TIM_Base_Init
 *fill*         0x000000000800420e        0x2 
 .text.HAL_TIM_Base_Start_IT
                0x0000000008004210       0x54 Drivers/STM32H7xx_HAL_Driver/Src/stm32h7xx_hal_tim.o
                0x0000000008004210                HAL_TIM_Base_Start_IT
 .text.HAL_TIM_IRQHandler
                0x0000000008004264      0x23e Drivers/STM32H7xx_HAL_Driver/Src/stm32h7xx_hal_tim.o
                0x0000000008004264                HAL_TIM_IRQHandler
 .text.HAL_TIM_PeriodElapsedCallback
                0x00000000080044a2       0x14 Drivers/STM32H7xx_HAL_Driver/Src/stm32h7xx_hal_tim.o
                0x00000000080044a2                HAL_TIM_PeriodElapsedCallback
 .text.HAL_TIM_OC_DelayElapsedCallback
                0x00000000080044b6       0x14 Drivers/STM32H7xx_HAL_Driver/Src/stm32h7xx_hal_tim.o
                0x00000000080044b6                HAL_TIM_OC_DelayElapsedCallback
 .text.HAL_TIM_IC_CaptureCallback
                0x00000000080044ca       0x14 Drivers/STM32H7xx_HAL_Driver/Src/stm32h7xx_hal_tim.o
                0x00000000080044ca                HAL_TIM_IC_CaptureCallback
 .text.HAL_TIM_PWM_PulseFinishedCallback
                0x00000000080044de       0x14 Drivers/STM32H7xx_HAL_Driver/Src/stm32h7xx_hal_tim.o
                0x00000000080044de                HAL_TIM_PWM_PulseFinishedCallback
 .text.HAL_TIM_TriggerCallback
                0x00000000080044f2       0x14 Drivers/STM32H7xx_HAL_Driver/Src/stm32h7xx_hal_tim.o
                0x00000000080044f2                HAL_TIM_TriggerCallback
 *fill*         0x0000000008004506        0x2 
 .text.TIM_Base_SetConfig
                0x0000000008004508      0x134 Drivers/STM32H7xx_HAL_Driver/Src/stm32h7xx_hal_tim.o
                0x0000000008004508                TIM_Base_SetConfig
 .text.HAL_TIMEx_MasterConfigSynchronization
                0x000000000800463c       0xb8 Drivers/STM32H7xx_HAL_Driver/Src/stm32h7xx_hal_tim_ex.o
                0x000000000800463c                HAL_TIMEx_MasterConfigSynchronization
 .text.HAL_TIMEx_CommutCallback
                0x00000000080046f4       0x14 Drivers/STM32H7xx_HAL_Driver/Src/stm32h7xx_hal_tim_ex.o
                0x00000000080046f4                HAL_TIMEx_CommutCallback
 .text.HAL_TIMEx_BreakCallback
                0x0000000008004708       0x14 Drivers/STM32H7xx_HAL_Driver/Src/stm32h7xx_hal_tim_ex.o
                0x0000000008004708                HAL_TIMEx_BreakCallback
 .text.HAL_TIMEx_Break2Callback
                0x000000000800471c       0x14 Drivers/STM32H7xx_HAL_Driver/Src/stm32h7xx_hal_tim_ex.o
                0x000000000800471c                HAL_TIMEx_Break2Callback
 .text.HAL_UART_Init
                0x0000000008004730       0xa0 Drivers/STM32H7xx_HAL_Driver/Src/stm32h7xx_hal_uart.o
                0x0000000008004730                HAL_UART_Init
 .text.HAL_UART_Transmit
                0x00000000080047d0      0x12c Drivers/STM32H7xx_HAL_Driver/Src/stm32h7xx_hal_uart.o
                0x00000000080047d0                HAL_UART_Transmit
 .text.HAL_UART_Receive_IT
                0x00000000080048fc      0x1b0 Drivers/STM32H7xx_HAL_Driver/Src/stm32h7xx_hal_uart.o
                0x00000000080048fc                HAL_UART_Receive_IT
 .text.HAL_UART_Transmit_DMA
                0x0000000008004aac      0x100 Drivers/STM32H7xx_HAL_Driver/Src/stm32h7xx_hal_uart.o
                0x0000000008004aac                HAL_UART_Transmit_DMA
 .text.HAL_UART_IRQHandler
                0x0000000008004bac      0x2cc Drivers/STM32H7xx_HAL_Driver/Src/stm32h7xx_hal_uart.o
                0x0000000008004bac                HAL_UART_IRQHandler
 .text.HAL_UART_TxCpltCallback
                0x0000000008004e78       0x14 Drivers/STM32H7xx_HAL_Driver/Src/stm32h7xx_hal_uart.o
                0x0000000008004e78                HAL_UART_TxCpltCallback
 .text.HAL_UART_TxHalfCpltCallback
                0x0000000008004e8c       0x14 Drivers/STM32H7xx_HAL_Driver/Src/stm32h7xx_hal_uart.o
                0x0000000008004e8c                HAL_UART_TxHalfCpltCallback
 .text.HAL_UART_RxCpltCallback
                0x0000000008004ea0       0x14 Drivers/STM32H7xx_HAL_Driver/Src/stm32h7xx_hal_uart.o
                0x0000000008004ea0                HAL_UART_RxCpltCallback
 .text.HAL_UART_ErrorCallback
                0x0000000008004eb4       0x14 Drivers/STM32H7xx_HAL_Driver/Src/stm32h7xx_hal_uart.o
                0x0000000008004eb4                HAL_UART_ErrorCallback
 .text.UART_SetConfig
                0x0000000008004ec8     0x22f4 Drivers/STM32H7xx_HAL_Driver/Src/stm32h7xx_hal_uart.o
                0x0000000008004ec8                UART_SetConfig
 .text.UART_AdvFeatureConfig
                0x00000000080071bc      0x144 Drivers/STM32H7xx_HAL_Driver/Src/stm32h7xx_hal_uart.o
                0x00000000080071bc                UART_AdvFeatureConfig
 .text.UART_CheckIdleState
                0x0000000008007300       0x90 Drivers/STM32H7xx_HAL_Driver/Src/stm32h7xx_hal_uart.o
                0x0000000008007300                UART_CheckIdleState
 .text.UART_WaitOnFlagUntilTimeout
                0x0000000008007390       0x94 Drivers/STM32H7xx_HAL_Driver/Src/stm32h7xx_hal_uart.o
                0x0000000008007390                UART_WaitOnFlagUntilTimeout
 .text.UART_EndTxTransfer
                0x0000000008007424       0x3c Drivers/STM32H7xx_HAL_Driver/Src/stm32h7xx_hal_uart.o
 .text.UART_EndRxTransfer
                0x0000000008007460       0x48 Drivers/STM32H7xx_HAL_Driver/Src/stm32h7xx_hal_uart.o
 .text.UART_DMATransmitCplt
                0x00000000080074a8       0x50 Drivers/STM32H7xx_HAL_Driver/Src/stm32h7xx_hal_uart.o
 .text.UART_DMATxHalfCplt
                0x00000000080074f8       0x1c Drivers/STM32H7xx_HAL_Driver/Src/stm32h7xx_hal_uart.o
 .text.UART_DMAError
                0x0000000008007514       0x80 Drivers/STM32H7xx_HAL_Driver/Src/stm32h7xx_hal_uart.o
 .text.UART_DMAAbortOnError
                0x0000000008007594       0x2c Drivers/STM32H7xx_HAL_Driver/Src/stm32h7xx_hal_uart.o
 .text.UART_EndTransmit_IT
                0x00000000080075c0       0x34 Drivers/STM32H7xx_HAL_Driver/Src/stm32h7xx_hal_uart.o
 .text.UART_RxISR_8BIT
                0x00000000080075f4       0xaa Drivers/STM32H7xx_HAL_Driver/Src/stm32h7xx_hal_uart.o
 .text.UART_RxISR_16BIT
                0x000000000800769e       0xaa Drivers/STM32H7xx_HAL_Driver/Src/stm32h7xx_hal_uart.o
 .text.UART_RxISR_8BIT_FIFOEN
                0x0000000008007748      0x108 Drivers/STM32H7xx_HAL_Driver/Src/stm32h7xx_hal_uart.o
 .text.UART_RxISR_16BIT_FIFOEN
                0x0000000008007850      0x108 Drivers/STM32H7xx_HAL_Driver/Src/stm32h7xx_hal_uart.o
 .text.HAL_UARTEx_WakeupCallback
                0x0000000008007958       0x14 Drivers/STM32H7xx_HAL_Driver/Src/stm32h7xx_hal_uart_ex.o
                0x0000000008007958                HAL_UARTEx_WakeupCallback
 .text.HAL_UARTEx_RxFifoFullCallback
                0x000000000800796c       0x14 Drivers/STM32H7xx_HAL_Driver/Src/stm32h7xx_hal_uart_ex.o
                0x000000000800796c                HAL_UARTEx_RxFifoFullCallback
 .text.HAL_UARTEx_TxFifoEmptyCallback
                0x0000000008007980       0x14 Drivers/STM32H7xx_HAL_Driver/Src/stm32h7xx_hal_uart_ex.o
                0x0000000008007980                HAL_UARTEx_TxFifoEmptyCallback
 .text.HAL_UARTEx_DisableFifoMode
                0x0000000008007994       0x72 Drivers/STM32H7xx_HAL_Driver/Src/stm32h7xx_hal_uart_ex.o
                0x0000000008007994                HAL_UARTEx_DisableFifoMode
 .text.HAL_UARTEx_SetTxFifoThreshold
                0x0000000008007a06       0x7c Drivers/STM32H7xx_HAL_Driver/Src/stm32h7xx_hal_uart_ex.o
                0x0000000008007a06                HAL_UARTEx_SetTxFifoThreshold
 .text.HAL_UARTEx_SetRxFifoThreshold
                0x0000000008007a82       0x7c Drivers/STM32H7xx_HAL_Driver/Src/stm32h7xx_hal_uart_ex.o
                0x0000000008007a82                HAL_UARTEx_SetRxFifoThreshold
 *fill*         0x0000000008007afe        0x2 
 .text.UARTEx_SetNbDataToProcess
                0x0000000008007b00       0xd0 Drivers/STM32H7xx_HAL_Driver/Src/stm32h7xx_hal_uart_ex.o
 .text.length   0x0000000008007bd0       0x30 Src/_string.o
                0x0000000008007bd0                length
 .text.countOf  0x0000000008007c00       0x3e Src/_string.o
                0x0000000008007c00                countOf
 .text.clearArray
                0x0000000008007c3e       0x36 Src/_string.o
                0x0000000008007c3e                clearArray
 .text.indexOf  0x0000000008007c74       0x44 Src/_string.o
                0x0000000008007c74                indexOf
 .text.startsWith
                0x0000000008007cb8       0x50 Src/_string.o
                0x0000000008007cb8                startsWith
 .text.substring
                0x0000000008007d08      0x140 Src/_string.o
                0x0000000008007d08                substring
 .text.intToStr
                0x0000000008007e48      0x120 Src/_string.o
                0x0000000008007e48                intToStr
 .text.toInt    0x0000000008007f68       0xb4 Src/_string.o
                0x0000000008007f68                toInt
 *fill*         0x000000000800801c        0x4 
 .text.ftoa     0x0000000008008020      0x240 Src/_string.o
                0x0000000008008020                ftoa
 .text.ini_calc
                0x0000000008008260       0xb8 Src/calculates.o
                0x0000000008008260                ini_calc
 .text.calculate_positions
                0x0000000008008318      0x8a0 Src/calculates.o
                0x0000000008008318                calculate_positions
 .text.calculate_sfere
                0x0000000008008bb8      0x22a Src/calculates.o
                0x0000000008008bb8                calculate_sfere
 *fill*         0x0000000008008de2        0x2 
 .text.calc_impulses
                0x0000000008008de4      0x2d0 Src/calculates.o
                0x0000000008008de4                calc_impulses
 .text.save_array
                0x00000000080090b4       0x54 Src/flash.o
                0x00000000080090b4                save_array
 .text.read_array_int
                0x0000000008009108       0x48 Src/flash.o
                0x0000000008009108                read_array_int
 .text.read_array_float
                0x0000000008009150       0x4a Src/flash.o
                0x0000000008009150                read_array_float
 .text.load_float
                0x000000000800919a       0x2a Src/flash.o
                0x000000000800919a                load_float
 .text.read_flash32
                0x00000000080091c4       0x18 Src/flash.o
                0x00000000080091c4                read_flash32
 .text.write_flash32
                0x00000000080091dc       0x34 Src/flash.o
                0x00000000080091dc                write_flash32
 .text.flash_earse
                0x0000000008009210       0x50 Src/flash.o
                0x0000000008009210                flash_earse
 .text.main     0x0000000008009260       0x34 Src/main.o
                0x0000000008009260                main
 .text.SystemClock_Config
                0x0000000008009294      0x168 Src/main.o
                0x0000000008009294                SystemClock_Config
 .text.MX_TIM6_Init
                0x00000000080093fc       0x6c Src/main.o
 .text.MX_UART4_Init
                0x0000000008009468       0x98 Src/main.o
 .text.MX_USART1_UART_Init
                0x0000000008009500       0x98 Src/main.o
 .text.MX_USART2_UART_Init
                0x0000000008009598       0x98 Src/main.o
 .text.MX_GPIO_Init
                0x0000000008009630      0x1dc Src/main.o
 .text.Error_Handler
                0x000000000800980c        0xe Src/main.o
                0x000000000800980c                Error_Handler
 *fill*         0x000000000800981a        0x2 
 .text.main_ini
                0x000000000800981c       0x3c Src/main_task.o
                0x000000000800981c                main_ini
 .text.main_task
                0x0000000008009858       0x1c Src/main_task.o
                0x0000000008009858                main_task
 .text.domotion
                0x0000000008009874       0x4c Src/motion_control.o
                0x0000000008009874                domotion
 .text.vacuum_on
                0x00000000080098c0       0x24 Src/motion_control.o
                0x00000000080098c0                vacuum_on
 .text.vacuum_off
                0x00000000080098e4       0x18 Src/motion_control.o
                0x00000000080098e4                vacuum_off
 .text.action_loop
                0x00000000080098fc       0xfc Src/motion_control.o
                0x00000000080098fc                action_loop
 .text.set_acceleration
                0x00000000080099f8       0x48 Src/motion_control.o
                0x00000000080099f8                set_acceleration
 .text.soft_limit_ini
                0x0000000008009a40      0x1c4 Src/motion_control.o
                0x0000000008009a40                soft_limit_ini
 .text.axis_int_stop
                0x0000000008009c04       0x88 Src/motion_control.o
                0x0000000008009c04                axis_int_stop
 .text.prepair_moove_carr
                0x0000000008009c8c       0xf0 Src/motion_control.o
                0x0000000008009c8c                prepair_moove_carr
 .text.action_moove_carr
                0x0000000008009d7c       0x68 Src/motion_control.o
                0x0000000008009d7c                action_moove_carr
 *fill*         0x0000000008009de4        0x4 
 .text.short_move
                0x0000000008009de8      0x1e0 Src/motion_control.o
                0x0000000008009de8                short_move
 .text.add_object
                0x0000000008009fc8      0x194 Src/obj_control.o
                0x0000000008009fc8                add_object
 .text.put_obj  0x000000000800a15c      0x58c Src/obj_control.o
                0x000000000800a15c                put_obj
 .text.do_demo  0x000000000800a6e8      0x220 Src/obj_control.o
                0x000000000800a6e8                do_demo
 .text.translate_step
                0x000000000800a908       0x2c Src/obj_control.o
                0x000000000800a908                translate_step
 .text.reset_seq_steps
                0x000000000800a934       0x18 Src/obj_control.o
                0x000000000800a934                reset_seq_steps
 .text.timers_ini
                0x000000000800a94c       0x44 Src/pulse_control.o
                0x000000000800a94c                timers_ini
 .text.axis_a_motion_ini
                0x000000000800a990       0xec Src/pulse_control.o
                0x000000000800a990                axis_a_motion_ini
 .text.axis_a_timer
                0x000000000800aa7c      0x2f8 Src/pulse_control.o
                0x000000000800aa7c                axis_a_timer
 .text.axis_b_motion_ini
                0x000000000800ad74       0xec Src/pulse_control.o
                0x000000000800ad74                axis_b_motion_ini
 .text.axis_b_timer
                0x000000000800ae60      0x2f4 Src/pulse_control.o
                0x000000000800ae60                axis_b_timer
 .text.axis_c_motion_ini
                0x000000000800b154       0xf0 Src/pulse_control.o
                0x000000000800b154                axis_c_motion_ini
 .text.axis_c_timer
                0x000000000800b244      0x2f4 Src/pulse_control.o
                0x000000000800b244                axis_c_timer
 .text.parse_commands
                0x000000000800b538     0x1250 Src/serial_interface.o
                0x000000000800b538                parse_commands
 .text.msg_agent
                0x000000000800c788       0x38 Src/serial_interface.o
                0x000000000800c788                msg_agent
 .text.arrtoset
                0x000000000800c7c0       0x7c Src/settings.o
                0x000000000800c7c0                arrtoset
 .text.settoarr
                0x000000000800c83c       0x7c Src/settings.o
                0x000000000800c83c                settoarr
 .text.save_data
                0x000000000800c8b8       0x24 Src/settings.o
                0x000000000800c8b8                save_data
 .text.save_obj_drop_coord
                0x000000000800c8dc       0x9c Src/settings.o
                0x000000000800c8dc                save_obj_drop_coord
 .text.load_obj_drop_coord
                0x000000000800c978       0x5c Src/settings.o
                0x000000000800c978                load_obj_drop_coord
 .text.save_settings
                0x000000000800c9d4       0x24 Src/settings.o
                0x000000000800c9d4                save_settings
 .text.load_settings
                0x000000000800c9f8      0x2d4 Src/settings.o
                0x000000000800c9f8                load_settings
 .text.HAL_MspInit
                0x000000000800cccc       0x34 Src/stm32h7xx_hal_msp.o
                0x000000000800cccc                HAL_MspInit
 .text.HAL_TIM_Base_MspInit
                0x000000000800cd00       0x50 Src/stm32h7xx_hal_msp.o
                0x000000000800cd00                HAL_TIM_Base_MspInit
 .text.HAL_UART_MspInit
                0x000000000800cd50      0x224 Src/stm32h7xx_hal_msp.o
                0x000000000800cd50                HAL_UART_MspInit
 .text.NMI_Handler
                0x000000000800cf74        0xe Src/stm32h7xx_it.o
                0x000000000800cf74                NMI_Handler
 .text.HardFault_Handler
                0x000000000800cf82        0x6 Src/stm32h7xx_it.o
                0x000000000800cf82                HardFault_Handler
 .text.MemManage_Handler
                0x000000000800cf88        0x6 Src/stm32h7xx_it.o
                0x000000000800cf88                MemManage_Handler
 .text.BusFault_Handler
                0x000000000800cf8e        0x6 Src/stm32h7xx_it.o
                0x000000000800cf8e                BusFault_Handler
 .text.UsageFault_Handler
                0x000000000800cf94        0x6 Src/stm32h7xx_it.o
                0x000000000800cf94                UsageFault_Handler
 .text.SVC_Handler
                0x000000000800cf9a        0xe Src/stm32h7xx_it.o
                0x000000000800cf9a                SVC_Handler
 .text.DebugMon_Handler
                0x000000000800cfa8        0xe Src/stm32h7xx_it.o
                0x000000000800cfa8                DebugMon_Handler
 .text.PendSV_Handler
                0x000000000800cfb6        0xe Src/stm32h7xx_it.o
                0x000000000800cfb6                PendSV_Handler
 .text.SysTick_Handler
                0x000000000800cfc4        0xc Src/stm32h7xx_it.o
                0x000000000800cfc4                SysTick_Handler
 .text.USART1_IRQHandler
                0x000000000800cfd0       0x18 Src/stm32h7xx_it.o
                0x000000000800cfd0                USART1_IRQHandler
 .text.USART2_IRQHandler
                0x000000000800cfe8       0x18 Src/stm32h7xx_it.o
                0x000000000800cfe8                USART2_IRQHandler
 .text.UART4_IRQHandler
                0x000000000800d000       0x14 Src/stm32h7xx_it.o
                0x000000000800d000                UART4_IRQHandler
 .text.TIM6_DAC_IRQHandler
                0x000000000800d014       0x20 Src/stm32h7xx_it.o
                0x000000000800d014                TIM6_DAC_IRQHandler
 .text._sbrk    0x000000000800d034       0x58 Src/sysmem.o
                0x000000000800d034                _sbrk
 .text.SystemInit
                0x000000000800d08c       0xc4 Src/system_stm32h7xx.o
                0x000000000800d08c                SystemInit
 .text.uart_ini
                0x000000000800d150       0x60 Src/uart.o
                0x000000000800d150                uart_ini
 .text.add_buffer
                0x000000000800d1b0       0x70 Src/uart.o
                0x000000000800d1b0                add_buffer
 .text.read_buff_char
                0x000000000800d220       0x68 Src/uart.o
                0x000000000800d220                read_buff_char
 .text.readATSerialBuff
                0x000000000800d288       0x88 Src/uart.o
                0x000000000800d288                readATSerialBuff
 .text.parseBuff
                0x000000000800d310       0xd4 Src/uart.o
                0x000000000800d310                parseBuff
 .text.printint
                0x000000000800d3e4       0x58 Src/uart.o
                0x000000000800d3e4                printint
 .text.printstr
                0x000000000800d43c       0x44 Src/uart.o
                0x000000000800d43c                printstr
 .text.printstr_
                0x000000000800d480       0x2c Src/uart.o
                0x000000000800d480                printstr_
 .text.printfloat
                0x000000000800d4ac       0x64 Src/uart.o
                0x000000000800d4ac                printfloat
 .text.uart_ini_u2
                0x000000000800d510       0x60 Src/uart2.o
                0x000000000800d510                uart_ini_u2
 .text.add_buffer_u2
                0x000000000800d570       0x70 Src/uart2.o
                0x000000000800d570                add_buffer_u2
 .text.read_buff_char_u2
                0x000000000800d5e0       0x68 Src/uart2.o
                0x000000000800d5e0                read_buff_char_u2
 .text.readATSerialBuff_u2
                0x000000000800d648       0x88 Src/uart2.o
                0x000000000800d648                readATSerialBuff_u2
 .text.parseBuff_u2
                0x000000000800d6d0       0xe8 Src/uart2.o
                0x000000000800d6d0                parseBuff_u2
 .text.printstr_u2
                0x000000000800d7b8       0x44 Src/uart2.o
                0x000000000800d7b8                printstr_u2
 .text.Reset_Handler
                0x000000000800d7fc       0x50 Startup/startup_stm32h743zitx.o
                0x000000000800d7fc                Reset_Handler
 .text.Default_Handler
                0x000000000800d84c        0x2 Startup/startup_stm32h743zitx.o
                0x000000000800d84c                RTC_Alarm_IRQHandler
                0x000000000800d84c                EXTI2_IRQHandler
                0x000000000800d84c                TIM8_CC_IRQHandler
                0x000000000800d84c                HRTIM1_Master_IRQHandler
                0x000000000800d84c                UART8_IRQHandler
                0x000000000800d84c                SPI4_IRQHandler
                0x000000000800d84c                TIM1_CC_IRQHandler
                0x000000000800d84c                BDMA_Channel6_IRQHandler
                0x000000000800d84c                DMA2_Stream5_IRQHandler
                0x000000000800d84c                HRTIM1_FLT_IRQHandler
                0x000000000800d84c                JPEG_IRQHandler
                0x000000000800d84c                DMA1_Stream5_IRQHandler
                0x000000000800d84c                BDMA_Channel1_IRQHandler
                0x000000000800d84c                HRTIM1_TIMD_IRQHandler
                0x000000000800d84c                TAMP_STAMP_IRQHandler
                0x000000000800d84c                EXTI3_IRQHandler
                0x000000000800d84c                LPTIM4_IRQHandler
                0x000000000800d84c                TIM8_TRG_COM_TIM14_IRQHandler
                0x000000000800d84c                LPTIM2_IRQHandler
                0x000000000800d84c                DFSDM1_FLT1_IRQHandler
                0x000000000800d84c                DMAMUX2_OVR_IRQHandler
                0x000000000800d84c                TIM8_UP_TIM13_IRQHandler
                0x000000000800d84c                I2C3_ER_IRQHandler
                0x000000000800d84c                DFSDM1_FLT2_IRQHandler
                0x000000000800d84c                MDMA_IRQHandler
                0x000000000800d84c                LPTIM3_IRQHandler
                0x000000000800d84c                HSEM1_IRQHandler
                0x000000000800d84c                EXTI0_IRQHandler
                0x000000000800d84c                I2C2_EV_IRQHandler
                0x000000000800d84c                DMA1_Stream2_IRQHandler
                0x000000000800d84c                FPU_IRQHandler
                0x000000000800d84c                OTG_HS_WKUP_IRQHandler
                0x000000000800d84c                FDCAN1_IT1_IRQHandler
                0x000000000800d84c                LTDC_ER_IRQHandler
                0x000000000800d84c                DMA2_Stream2_IRQHandler
                0x000000000800d84c                HRTIM1_TIME_IRQHandler
                0x000000000800d84c                SPI1_IRQHandler
                0x000000000800d84c                DCMI_IRQHandler
                0x000000000800d84c                HRTIM1_TIMC_IRQHandler
                0x000000000800d84c                DMA2_Stream3_IRQHandler
                0x000000000800d84c                SAI2_IRQHandler
                0x000000000800d84c                DFSDM1_FLT3_IRQHandler
                0x000000000800d84c                USART6_IRQHandler
                0x000000000800d84c                TIM17_IRQHandler
                0x000000000800d84c                USART3_IRQHandler
                0x000000000800d84c                BDMA_Channel7_IRQHandler
                0x000000000800d84c                LPTIM5_IRQHandler
                0x000000000800d84c                UART5_IRQHandler
                0x000000000800d84c                ADC3_IRQHandler
                0x000000000800d84c                DMA2_Stream0_IRQHandler
                0x000000000800d84c                TIM4_IRQHandler
                0x000000000800d84c                BDMA_Channel2_IRQHandler
                0x000000000800d84c                QUADSPI_IRQHandler
                0x000000000800d84c                I2C1_EV_IRQHandler
                0x000000000800d84c                DMA1_Stream6_IRQHandler
                0x000000000800d84c                DMAMUX1_OVR_IRQHandler
                0x000000000800d84c                DMA1_Stream1_IRQHandler
                0x000000000800d84c                TIM16_IRQHandler
                0x000000000800d84c                BDMA_Channel5_IRQHandler
                0x000000000800d84c                TIM3_IRQHandler
                0x000000000800d84c                RCC_IRQHandler
                0x000000000800d84c                TIM8_BRK_TIM12_IRQHandler
                0x000000000800d84c                TIM1_TRG_COM_IRQHandler
                0x000000000800d84c                Default_Handler
                0x000000000800d84c                ECC_IRQHandler
                0x000000000800d84c                CEC_IRQHandler
                0x000000000800d84c                EXTI15_10_IRQHandler
                0x000000000800d84c                BDMA_Channel0_IRQHandler
                0x000000000800d84c                ADC_IRQHandler
                0x000000000800d84c                DMA1_Stream7_IRQHandler
                0x000000000800d84c                HRTIM1_TIMA_IRQHandler
                0x000000000800d84c                SPI5_IRQHandler
                0x000000000800d84c                TIM7_IRQHandler
                0x000000000800d84c                SDMMC1_IRQHandler
                0x000000000800d84c                TIM5_IRQHandler
                0x000000000800d84c                DMA2_Stream7_IRQHandler
                0x000000000800d84c                TIM15_IRQHandler
                0x000000000800d84c                PVD_AVD_IRQHandler
                0x000000000800d84c                I2C3_EV_IRQHandler
                0x000000000800d84c                EXTI9_5_IRQHandler
                0x000000000800d84c                RTC_WKUP_IRQHandler
                0x000000000800d84c                LTDC_IRQHandler
                0x000000000800d84c                SAI3_IRQHandler
                0x000000000800d84c                ETH_WKUP_IRQHandler
                0x000000000800d84c                SPDIF_RX_IRQHandler
                0x000000000800d84c                SPI2_IRQHandler
                0x000000000800d84c                OTG_HS_EP1_IN_IRQHandler
                0x000000000800d84c                DMA1_Stream0_IRQHandler
                0x000000000800d84c                CRS_IRQHandler
                0x000000000800d84c                EXTI4_IRQHandler
                0x000000000800d84c                RNG_IRQHandler
                0x000000000800d84c                HRTIM1_TIMB_IRQHandler
                0x000000000800d84c                FDCAN2_IT1_IRQHandler
                0x000000000800d84c                ETH_IRQHandler
                0x000000000800d84c                TIM1_UP_IRQHandler
                0x000000000800d84c                BDMA_Channel4_IRQHandler
                0x000000000800d84c                OTG_HS_EP1_OUT_IRQHandler
                0x000000000800d84c                WWDG_IRQHandler
                0x000000000800d84c                SPI6_IRQHandler
                0x000000000800d84c                MDIOS_IRQHandler
                0x000000000800d84c                I2C4_EV_IRQHandler
                0x000000000800d84c                FDCAN2_IT0_IRQHandler
                0x000000000800d84c                LPUART1_IRQHandler
                0x000000000800d84c                FDCAN1_IT0_IRQHandler
                0x000000000800d84c                TIM2_IRQHandler
                0x000000000800d84c                OTG_FS_WKUP_IRQHandler
                0x000000000800d84c                OTG_HS_IRQHandler
                0x000000000800d84c                DMA2D_IRQHandler
                0x000000000800d84c                TIM1_BRK_IRQHandler
                0x000000000800d84c                EXTI1_IRQHandler
                0x000000000800d84c                SDMMC2_IRQHandler
                0x000000000800d84c                OTG_FS_EP1_OUT_IRQHandler
                0x000000000800d84c                BDMA_Channel3_IRQHandler
                0x000000000800d84c                UART7_IRQHandler
                0x000000000800d84c                MDIOS_WKUP_IRQHandler
                0x000000000800d84c                DFSDM1_FLT0_IRQHandler
                0x000000000800d84c                SAI4_IRQHandler
                0x000000000800d84c                I2C2_ER_IRQHandler
                0x000000000800d84c                DMA2_Stream1_IRQHandler
                0x000000000800d84c                FLASH_IRQHandler
                0x000000000800d84c                DMA2_Stream4_IRQHandler
                0x000000000800d84c                OTG_FS_IRQHandler
                0x000000000800d84c                SPI3_IRQHandler
                0x000000000800d84c                WAKEUP_PIN_IRQHandler
                0x000000000800d84c                DMA1_Stream4_IRQHandler
                0x000000000800d84c                OTG_FS_EP1_IN_IRQHandler
                0x000000000800d84c                I2C1_ER_IRQHandler
                0x000000000800d84c                FMC_IRQHandler
                0x000000000800d84c                FDCAN_CAL_IRQHandler
                0x000000000800d84c                SWPMI1_IRQHandler
                0x000000000800d84c                COMP1_IRQHandler
                0x000000000800d84c                LPTIM1_IRQHandler
                0x000000000800d84c                I2C4_ER_IRQHandler
                0x000000000800d84c                DMA2_Stream6_IRQHandler
                0x000000000800d84c                SAI1_IRQHandler
                0x000000000800d84c                DMA1_Stream3_IRQHandler
 .text.atof     0x000000000800d84e        0x6 /opt/st/stm32cubeide_1.0.1/plugins/com.st.stm32cube.ide.mcu.externaltools.gnu-tools-for-stm32.7-2018-q2-update.linux64_1.0.0.201904181610/tools/bin/../lib/gcc/arm-none-eabi/7.3.1/../../../../arm-none-eabi/lib/thumb/v7e-m/fpv5/hard/libc_nano.a(lib_a-atof.o)
                0x000000000800d84e                atof
 .text.atoi     0x000000000800d854        0x8 /opt/st/stm32cubeide_1.0.1/plugins/com.st.stm32cube.ide.mcu.externaltools.gnu-tools-for-stm32.7-2018-q2-update.linux64_1.0.0.201904181610/tools/bin/../lib/gcc/arm-none-eabi/7.3.1/../../../../arm-none-eabi/lib/thumb/v7e-m/fpv5/hard/libc_nano.a(lib_a-atoi.o)
                0x000000000800d854                atoi
 .text.__errno  0x000000000800d85c        0xc /opt/st/stm32cubeide_1.0.1/plugins/com.st.stm32cube.ide.mcu.externaltools.gnu-tools-for-stm32.7-2018-q2-update.linux64_1.0.0.201904181610/tools/bin/../lib/gcc/arm-none-eabi/7.3.1/../../../../arm-none-eabi/lib/thumb/v7e-m/fpv5/hard/libc_nano.a(lib_a-errno.o)
                0x000000000800d85c                __errno
 .text.__libc_init_array
                0x000000000800d868       0x48 /opt/st/stm32cubeide_1.0.1/plugins/com.st.stm32cube.ide.mcu.externaltools.gnu-tools-for-stm32.7-2018-q2-update.linux64_1.0.0.201904181610/tools/bin/../lib/gcc/arm-none-eabi/7.3.1/../../../../arm-none-eabi/lib/thumb/v7e-m/fpv5/hard/libc_nano.a(lib_a-init.o)
                0x000000000800d868                __libc_init_array
 .text.memset   0x000000000800d8b0       0x10 /opt/st/stm32cubeide_1.0.1/plugins/com.st.stm32cube.ide.mcu.externaltools.gnu-tools-for-stm32.7-2018-q2-update.linux64_1.0.0.201904181610/tools/bin/../lib/gcc/arm-none-eabi/7.3.1/../../../../arm-none-eabi/lib/thumb/v7e-m/fpv5/hard/libc_nano.a(lib_a-memset.o)
                0x000000000800d8b0                memset
 .text.sprintf  0x000000000800d8c0       0x40 /opt/st/stm32cubeide_1.0.1/plugins/com.st.stm32cube.ide.mcu.externaltools.gnu-tools-for-stm32.7-2018-q2-update.linux64_1.0.0.201904181610/tools/bin/../lib/gcc/arm-none-eabi/7.3.1/../../../../arm-none-eabi/lib/thumb/v7e-m/fpv5/hard/libc_nano.a(lib_a-sprintf.o)
                0x000000000800d8c0                sprintf
                0x000000000800d8c0                siprintf
 .text.unlikely.sulp
                0x000000000800d900       0x34 /opt/st/stm32cubeide_1.0.1/plugins/com.st.stm32cube.ide.mcu.externaltools.gnu-tools-for-stm32.7-2018-q2-update.linux64_1.0.0.201904181610/tools/bin/../lib/gcc/arm-none-eabi/7.3.1/../../../../arm-none-eabi/lib/thumb/v7e-m/fpv5/hard/libc_nano.a(lib_a-strtod.o)
 *fill*         0x000000000800d934        0x4 
 .text._strtod_l
                0x000000000800d938      0xb90 /opt/st/stm32cubeide_1.0.1/plugins/com.st.stm32cube.ide.mcu.externaltools.gnu-tools-for-stm32.7-2018-q2-update.linux64_1.0.0.201904181610/tools/bin/../lib/gcc/arm-none-eabi/7.3.1/../../../../arm-none-eabi/lib/thumb/v7e-m/fpv5/hard/libc_nano.a(lib_a-strtod.o)
                0x000000000800d938                _strtod_l
 .text.strtod   0x000000000800e4c8       0x28 /opt/st/stm32cubeide_1.0.1/plugins/com.st.stm32cube.ide.mcu.externaltools.gnu-tools-for-stm32.7-2018-q2-update.linux64_1.0.0.201904181610/tools/bin/../lib/gcc/arm-none-eabi/7.3.1/../../../../arm-none-eabi/lib/thumb/v7e-m/fpv5/hard/libc_nano.a(lib_a-strtod.o)
                0x000000000800e4c8                strtod
 .text._strtol_l.isra.0
                0x000000000800e4f0       0xf6 /opt/st/stm32cubeide_1.0.1/plugins/com.st.stm32cube.ide.mcu.externaltools.gnu-tools-for-stm32.7-2018-q2-update.linux64_1.0.0.201904181610/tools/bin/../lib/gcc/arm-none-eabi/7.3.1/../../../../arm-none-eabi/lib/thumb/v7e-m/fpv5/hard/libc_nano.a(lib_a-strtol.o)
 *fill*         0x000000000800e5e6        0x2 
 .text.strtol   0x000000000800e5e8       0x2c /opt/st/stm32cubeide_1.0.1/plugins/com.st.stm32cube.ide.mcu.externaltools.gnu-tools-for-stm32.7-2018-q2-update.linux64_1.0.0.201904181610/tools/bin/../lib/gcc/arm-none-eabi/7.3.1/../../../../arm-none-eabi/lib/thumb/v7e-m/fpv5/hard/libc_nano.a(lib_a-strtol.o)
                0x000000000800e5e8                strtol
 .text.rshift   0x000000000800e614       0x74 /opt/st/stm32cubeide_1.0.1/plugins/com.st.stm32cube.ide.mcu.externaltools.gnu-tools-for-stm32.7-2018-q2-update.linux64_1.0.0.201904181610/tools/bin/../lib/gcc/arm-none-eabi/7.3.1/../../../../arm-none-eabi/lib/thumb/v7e-m/fpv5/hard/libc_nano.a(lib_a-gdtoa-gethex.o)
 .text.__hexdig_fun
                0x000000000800e688       0x2a /opt/st/stm32cubeide_1.0.1/plugins/com.st.stm32cube.ide.mcu.externaltools.gnu-tools-for-stm32.7-2018-q2-update.linux64_1.0.0.201904181610/tools/bin/../lib/gcc/arm-none-eabi/7.3.1/../../../../arm-none-eabi/lib/thumb/v7e-m/fpv5/hard/libc_nano.a(lib_a-gdtoa-gethex.o)
                0x000000000800e688                __hexdig_fun
 .text.__gethex
                0x000000000800e6b2      0x442 /opt/st/stm32cubeide_1.0.1/plugins/com.st.stm32cube.ide.mcu.externaltools.gnu-tools-for-stm32.7-2018-q2-update.linux64_1.0.0.201904181610/tools/bin/../lib/gcc/arm-none-eabi/7.3.1/../../../../arm-none-eabi/lib/thumb/v7e-m/fpv5/hard/libc_nano.a(lib_a-gdtoa-gethex.o)
                0x000000000800e6b2                __gethex
 .text.L_shift  0x000000000800eaf4       0x24 /opt/st/stm32cubeide_1.0.1/plugins/com.st.stm32cube.ide.mcu.externaltools.gnu-tools-for-stm32.7-2018-q2-update.linux64_1.0.0.201904181610/tools/bin/../lib/gcc/arm-none-eabi/7.3.1/../../../../arm-none-eabi/lib/thumb/v7e-m/fpv5/hard/libc_nano.a(lib_a-gdtoa-hexnan.o)
 .text.__match  0x000000000800eb18       0x28 /opt/st/stm32cubeide_1.0.1/plugins/com.st.stm32cube.ide.mcu.externaltools.gnu-tools-for-stm32.7-2018-q2-update.linux64_1.0.0.201904181610/tools/bin/../lib/gcc/arm-none-eabi/7.3.1/../../../../arm-none-eabi/lib/thumb/v7e-m/fpv5/hard/libc_nano.a(lib_a-gdtoa-hexnan.o)
                0x000000000800eb18                __match
 .text.__hexnan
                0x000000000800eb40      0x120 /opt/st/stm32cubeide_1.0.1/plugins/com.st.stm32cube.ide.mcu.externaltools.gnu-tools-for-stm32.7-2018-q2-update.linux64_1.0.0.201904181610/tools/bin/../lib/gcc/arm-none-eabi/7.3.1/../../../../arm-none-eabi/lib/thumb/v7e-m/fpv5/hard/libc_nano.a(lib_a-gdtoa-hexnan.o)
                0x000000000800eb40                __hexnan
 .text.__locale_ctype_ptr_l
                0x000000000800ec60        0x6 /opt/st/stm32cubeide_1.0.1/plugins/com.st.stm32cube.ide.mcu.externaltools.gnu-tools-for-stm32.7-2018-q2-update.linux64_1.0.0.201904181610/tools/bin/../lib/gcc/arm-none-eabi/7.3.1/../../../../arm-none-eabi/lib/thumb/v7e-m/fpv5/hard/libc_nano.a(lib_a-locale.o)
                0x000000000800ec60                __locale_ctype_ptr_l
 .text.__localeconv_l
                0x000000000800ec66        0x4 /opt/st/stm32cubeide_1.0.1/plugins/com.st.stm32cube.ide.mcu.externaltools.gnu-tools-for-stm32.7-2018-q2-update.linux64_1.0.0.201904181610/tools/bin/../lib/gcc/arm-none-eabi/7.3.1/../../../../arm-none-eabi/lib/thumb/v7e-m/fpv5/hard/libc_nano.a(lib_a-localeconv.o)
                0x000000000800ec66                __localeconv_l
 .text.__ascii_mbtowc
                0x000000000800ec6a       0x24 /opt/st/stm32cubeide_1.0.1/plugins/com.st.stm32cube.ide.mcu.externaltools.gnu-tools-for-stm32.7-2018-q2-update.linux64_1.0.0.201904181610/tools/bin/../lib/gcc/arm-none-eabi/7.3.1/../../../../arm-none-eabi/lib/thumb/v7e-m/fpv5/hard/libc_nano.a(lib_a-mbtowc_r.o)
                0x000000000800ec6a                __ascii_mbtowc
 .text.memcpy   0x000000000800ec8e       0x16 /opt/st/stm32cubeide_1.0.1/plugins/com.st.stm32cube.ide.mcu.externaltools.gnu-tools-for-stm32.7-2018-q2-update.linux64_1.0.0.201904181610/tools/bin/../lib/gcc/arm-none-eabi/7.3.1/../../../../arm-none-eabi/lib/thumb/v7e-m/fpv5/hard/libc_nano.a(lib_a-memcpy-stub.o)
                0x000000000800ec8e                memcpy
 .text._Balloc  0x000000000800eca4       0x68 /opt/st/stm32cubeide_1.0.1/plugins/com.st.stm32cube.ide.mcu.externaltools.gnu-tools-for-stm32.7-2018-q2-update.linux64_1.0.0.201904181610/tools/bin/../lib/gcc/arm-none-eabi/7.3.1/../../../../arm-none-eabi/lib/thumb/v7e-m/fpv5/hard/libc_nano.a(lib_a-mprec.o)
                0x000000000800eca4                _Balloc
 .text._Bfree   0x000000000800ed0c       0x2e /opt/st/stm32cubeide_1.0.1/plugins/com.st.stm32cube.ide.mcu.externaltools.gnu-tools-for-stm32.7-2018-q2-update.linux64_1.0.0.201904181610/tools/bin/../lib/gcc/arm-none-eabi/7.3.1/../../../../arm-none-eabi/lib/thumb/v7e-m/fpv5/hard/libc_nano.a(lib_a-mprec.o)
                0x000000000800ed0c                _Bfree
 .text.__multadd
                0x000000000800ed3a       0x76 /opt/st/stm32cubeide_1.0.1/plugins/com.st.stm32cube.ide.mcu.externaltools.gnu-tools-for-stm32.7-2018-q2-update.linux64_1.0.0.201904181610/tools/bin/../lib/gcc/arm-none-eabi/7.3.1/../../../../arm-none-eabi/lib/thumb/v7e-m/fpv5/hard/libc_nano.a(lib_a-mprec.o)
                0x000000000800ed3a                __multadd
 .text.__s2b    0x000000000800edb0       0x7c /opt/st/stm32cubeide_1.0.1/plugins/com.st.stm32cube.ide.mcu.externaltools.gnu-tools-for-stm32.7-2018-q2-update.linux64_1.0.0.201904181610/tools/bin/../lib/gcc/arm-none-eabi/7.3.1/../../../../arm-none-eabi/lib/thumb/v7e-m/fpv5/hard/libc_nano.a(lib_a-mprec.o)
                0x000000000800edb0                __s2b
 .text.__hi0bits
                0x000000000800ee2c       0x3e /opt/st/stm32cubeide_1.0.1/plugins/com.st.stm32cube.ide.mcu.externaltools.gnu-tools-for-stm32.7-2018-q2-update.linux64_1.0.0.201904181610/tools/bin/../lib/gcc/arm-none-eabi/7.3.1/../../../../arm-none-eabi/lib/thumb/v7e-m/fpv5/hard/libc_nano.a(lib_a-mprec.o)
                0x000000000800ee2c                __hi0bits
 .text.__lo0bits
                0x000000000800ee6a       0x5e /opt/st/stm32cubeide_1.0.1/plugins/com.st.stm32cube.ide.mcu.externaltools.gnu-tools-for-stm32.7-2018-q2-update.linux64_1.0.0.201904181610/tools/bin/../lib/gcc/arm-none-eabi/7.3.1/../../../../arm-none-eabi/lib/thumb/v7e-m/fpv5/hard/libc_nano.a(lib_a-mprec.o)
                0x000000000800ee6a                __lo0bits
 .text.__i2b    0x000000000800eec8       0x12 /opt/st/stm32cubeide_1.0.1/plugins/com.st.stm32cube.ide.mcu.externaltools.gnu-tools-for-stm32.7-2018-q2-update.linux64_1.0.0.201904181610/tools/bin/../lib/gcc/arm-none-eabi/7.3.1/../../../../arm-none-eabi/lib/thumb/v7e-m/fpv5/hard/libc_nano.a(lib_a-mprec.o)
                0x000000000800eec8                __i2b
 .text.__multiply
                0x000000000800eeda      0x12c /opt/st/stm32cubeide_1.0.1/plugins/com.st.stm32cube.ide.mcu.externaltools.gnu-tools-for-stm32.7-2018-q2-update.linux64_1.0.0.201904181610/tools/bin/../lib/gcc/arm-none-eabi/7.3.1/../../../../arm-none-eabi/lib/thumb/v7e-m/fpv5/hard/libc_nano.a(lib_a-mprec.o)
                0x000000000800eeda                __multiply
 *fill*         0x000000000800f006        0x2 
 .text.__pow5mult
                0x000000000800f008       0x9c /opt/st/stm32cubeide_1.0.1/plugins/com.st.stm32cube.ide.mcu.externaltools.gnu-tools-for-stm32.7-2018-q2-update.linux64_1.0.0.201904181610/tools/bin/../lib/gcc/arm-none-eabi/7.3.1/../../../../arm-none-eabi/lib/thumb/v7e-m/fpv5/hard/libc_nano.a(lib_a-mprec.o)
                0x000000000800f008                __pow5mult
 .text.__lshift
                0x000000000800f0a4       0xa8 /opt/st/stm32cubeide_1.0.1/plugins/com.st.stm32cube.ide.mcu.externaltools.gnu-tools-for-stm32.7-2018-q2-update.linux64_1.0.0.201904181610/tools/bin/../lib/gcc/arm-none-eabi/7.3.1/../../../../arm-none-eabi/lib/thumb/v7e-m/fpv5/hard/libc_nano.a(lib_a-mprec.o)
                0x000000000800f0a4                __lshift
 .text.__mcmp   0x000000000800f14c       0x34 /opt/st/stm32cubeide_1.0.1/plugins/com.st.stm32cube.ide.mcu.externaltools.gnu-tools-for-stm32.7-2018-q2-update.linux64_1.0.0.201904181610/tools/bin/../lib/gcc/arm-none-eabi/7.3.1/../../../../arm-none-eabi/lib/thumb/v7e-m/fpv5/hard/libc_nano.a(lib_a-mprec.o)
                0x000000000800f14c                __mcmp
 .text.__mdiff  0x000000000800f180       0xba /opt/st/stm32cubeide_1.0.1/plugins/com.st.stm32cube.ide.mcu.externaltools.gnu-tools-for-stm32.7-2018-q2-update.linux64_1.0.0.201904181610/tools/bin/../lib/gcc/arm-none-eabi/7.3.1/../../../../arm-none-eabi/lib/thumb/v7e-m/fpv5/hard/libc_nano.a(lib_a-mprec.o)
                0x000000000800f180                __mdiff
 *fill*         0x000000000800f23a        0x2 
 .text.__ulp    0x000000000800f23c       0x50 /opt/st/stm32cubeide_1.0.1/plugins/com.st.stm32cube.ide.mcu.externaltools.gnu-tools-for-stm32.7-2018-q2-update.linux64_1.0.0.201904181610/tools/bin/../lib/gcc/arm-none-eabi/7.3.1/../../../../arm-none-eabi/lib/thumb/v7e-m/fpv5/hard/libc_nano.a(lib_a-mprec.o)
                0x000000000800f23c                __ulp
 .text.__b2d    0x000000000800f28c       0x9c /opt/st/stm32cubeide_1.0.1/plugins/com.st.stm32cube.ide.mcu.externaltools.gnu-tools-for-stm32.7-2018-q2-update.linux64_1.0.0.201904181610/tools/bin/../lib/gcc/arm-none-eabi/7.3.1/../../../../arm-none-eabi/lib/thumb/v7e-m/fpv5/hard/libc_nano.a(lib_a-mprec.o)
                0x000000000800f28c                __b2d
 .text.__d2b    0x000000000800f328       0x9e /opt/st/stm32cubeide_1.0.1/plugins/com.st.stm32cube.ide.mcu.externaltools.gnu-tools-for-stm32.7-2018-q2-update.linux64_1.0.0.201904181610/tools/bin/../lib/gcc/arm-none-eabi/7.3.1/../../../../arm-none-eabi/lib/thumb/v7e-m/fpv5/hard/libc_nano.a(lib_a-mprec.o)
                0x000000000800f328                __d2b
 .text.__ratio  0x000000000800f3c6       0x68 /opt/st/stm32cubeide_1.0.1/plugins/com.st.stm32cube.ide.mcu.externaltools.gnu-tools-for-stm32.7-2018-q2-update.linux64_1.0.0.201904181610/tools/bin/../lib/gcc/arm-none-eabi/7.3.1/../../../../arm-none-eabi/lib/thumb/v7e-m/fpv5/hard/libc_nano.a(lib_a-mprec.o)
                0x000000000800f3c6                __ratio
 .text.__copybits
                0x000000000800f42e       0x34 /opt/st/stm32cubeide_1.0.1/plugins/com.st.stm32cube.ide.mcu.externaltools.gnu-tools-for-stm32.7-2018-q2-update.linux64_1.0.0.201904181610/tools/bin/../lib/gcc/arm-none-eabi/7.3.1/../../../../arm-none-eabi/lib/thumb/v7e-m/fpv5/hard/libc_nano.a(lib_a-mprec.o)
                0x000000000800f42e                __copybits
 .text.__any_on
                0x000000000800f462       0x42 /opt/st/stm32cubeide_1.0.1/plugins/com.st.stm32cube.ide.mcu.externaltools.gnu-tools-for-stm32.7-2018-q2-update.linux64_1.0.0.201904181610/tools/bin/../lib/gcc/arm-none-eabi/7.3.1/../../../../arm-none-eabi/lib/thumb/v7e-m/fpv5/hard/libc_nano.a(lib_a-mprec.o)
                0x000000000800f462                __any_on
 .text._calloc_r
                0x000000000800f4a4       0x1c /opt/st/stm32cubeide_1.0.1/plugins/com.st.stm32cube.ide.mcu.externaltools.gnu-tools-for-stm32.7-2018-q2-update.linux64_1.0.0.201904181610/tools/bin/../lib/gcc/arm-none-eabi/7.3.1/../../../../arm-none-eabi/lib/thumb/v7e-m/fpv5/hard/libc_nano.a(lib_a-nano-callocr.o)
                0x000000000800f4a4                _calloc_r
 .text._malloc_r
                0x000000000800f4c0       0xb4 /opt/st/stm32cubeide_1.0.1/plugins/com.st.stm32cube.ide.mcu.externaltools.gnu-tools-for-stm32.7-2018-q2-update.linux64_1.0.0.201904181610/tools/bin/../lib/gcc/arm-none-eabi/7.3.1/../../../../arm-none-eabi/lib/thumb/v7e-m/fpv5/hard/libc_nano.a(lib_a-nano-mallocr.o)
                0x000000000800f4c0                _malloc_r
 .text.__ssputs_r
                0x000000000800f574       0xb4 /opt/st/stm32cubeide_1.0.1/plugins/com.st.stm32cube.ide.mcu.externaltools.gnu-tools-for-stm32.7-2018-q2-update.linux64_1.0.0.201904181610/tools/bin/../lib/gcc/arm-none-eabi/7.3.1/../../../../arm-none-eabi/lib/thumb/v7e-m/fpv5/hard/libc_nano.a(lib_a-nano-svfprintf.o)
                0x000000000800f574                __ssputs_r
 .text._svfprintf_r
                0x000000000800f628      0x1f0 /opt/st/stm32cubeide_1.0.1/plugins/com.st.stm32cube.ide.mcu.externaltools.gnu-tools-for-stm32.7-2018-q2-update.linux64_1.0.0.201904181610/tools/bin/../lib/gcc/arm-none-eabi/7.3.1/../../../../arm-none-eabi/lib/thumb/v7e-m/fpv5/hard/libc_nano.a(lib_a-nano-svfprintf.o)
                0x000000000800f628                _svfprintf_r
                0x000000000800f628                _svfiprintf_r
 .text._printf_common
                0x000000000800f818       0xea /opt/st/stm32cubeide_1.0.1/plugins/com.st.stm32cube.ide.mcu.externaltools.gnu-tools-for-stm32.7-2018-q2-update.linux64_1.0.0.201904181610/tools/bin/../lib/gcc/arm-none-eabi/7.3.1/../../../../arm-none-eabi/lib/thumb/v7e-m/fpv5/hard/libc_nano.a(lib_a-nano-vfprintf_i.o)
                0x000000000800f818                _printf_common
 *fill*         0x000000000800f902        0x2 
 .text._printf_i
                0x000000000800f904      0x224 /opt/st/stm32cubeide_1.0.1/plugins/com.st.stm32cube.ide.mcu.externaltools.gnu-tools-for-stm32.7-2018-q2-update.linux64_1.0.0.201904181610/tools/bin/../lib/gcc/arm-none-eabi/7.3.1/../../../../arm-none-eabi/lib/thumb/v7e-m/fpv5/hard/libc_nano.a(lib_a-nano-vfprintf_i.o)
                0x000000000800f904                _printf_i
 .text._sbrk_r  0x000000000800fb28       0x20 /opt/st/stm32cubeide_1.0.1/plugins/com.st.stm32cube.ide.mcu.externaltools.gnu-tools-for-stm32.7-2018-q2-update.linux64_1.0.0.201904181610/tools/bin/../lib/gcc/arm-none-eabi/7.3.1/../../../../arm-none-eabi/lib/thumb/v7e-m/fpv5/hard/libc_nano.a(lib_a-sbrkr.o)
                0x000000000800fb28                _sbrk_r
 .text.strncmp  0x000000000800fb48       0x24 /opt/st/stm32cubeide_1.0.1/plugins/com.st.stm32cube.ide.mcu.externaltools.gnu-tools-for-stm32.7-2018-q2-update.linux64_1.0.0.201904181610/tools/bin/../lib/gcc/arm-none-eabi/7.3.1/../../../../arm-none-eabi/lib/thumb/v7e-m/fpv5/hard/libc_nano.a(lib_a-strncmp.o)
                0x000000000800fb48                strncmp
 .text.__ascii_wctomb
                0x000000000800fb6c       0x1a /opt/st/stm32cubeide_1.0.1/plugins/com.st.stm32cube.ide.mcu.externaltools.gnu-tools-for-stm32.7-2018-q2-update.linux64_1.0.0.201904181610/tools/bin/../lib/gcc/arm-none-eabi/7.3.1/../../../../arm-none-eabi/lib/thumb/v7e-m/fpv5/hard/libc_nano.a(lib_a-wctomb_r.o)
                0x000000000800fb6c                __ascii_wctomb
 *fill*         0x000000000800fb86        0x2 
 .text.malloc   0x000000000800fb88       0x10 /opt/st/stm32cubeide_1.0.1/plugins/com.st.stm32cube.ide.mcu.externaltools.gnu-tools-for-stm32.7-2018-q2-update.linux64_1.0.0.201904181610/tools/bin/../lib/gcc/arm-none-eabi/7.3.1/../../../../arm-none-eabi/lib/thumb/v7e-m/fpv5/hard/libc_nano.a(lib_a-malloc.o)
                0x000000000800fb88                malloc
 .text.memmove  0x000000000800fb98       0x32 /opt/st/stm32cubeide_1.0.1/plugins/com.st.stm32cube.ide.mcu.externaltools.gnu-tools-for-stm32.7-2018-q2-update.linux64_1.0.0.201904181610/tools/bin/../lib/gcc/arm-none-eabi/7.3.1/../../../../arm-none-eabi/lib/thumb/v7e-m/fpv5/hard/libc_nano.a(lib_a-memmove.o)
                0x000000000800fb98                memmove
 .text.__malloc_lock
                0x000000000800fbca        0x2 /opt/st/stm32cubeide_1.0.1/plugins/com.st.stm32cube.ide.mcu.externaltools.gnu-tools-for-stm32.7-2018-q2-update.linux64_1.0.0.201904181610/tools/bin/../lib/gcc/arm-none-eabi/7.3.1/../../../../arm-none-eabi/lib/thumb/v7e-m/fpv5/hard/libc_nano.a(lib_a-mlock.o)
                0x000000000800fbca                __malloc_lock
 .text.__malloc_unlock
                0x000000000800fbcc        0x2 /opt/st/stm32cubeide_1.0.1/plugins/com.st.stm32cube.ide.mcu.externaltools.gnu-tools-for-stm32.7-2018-q2-update.linux64_1.0.0.201904181610/tools/bin/../lib/gcc/arm-none-eabi/7.3.1/../../../../arm-none-eabi/lib/thumb/v7e-m/fpv5/hard/libc_nano.a(lib_a-mlock.o)
                0x000000000800fbcc                __malloc_unlock
 *fill*         0x000000000800fbce        0x2 
 .text._free_r  0x000000000800fbd0       0x9c /opt/st/stm32cubeide_1.0.1/plugins/com.st.stm32cube.ide.mcu.externaltools.gnu-tools-for-stm32.7-2018-q2-update.linux64_1.0.0.201904181610/tools/bin/../lib/gcc/arm-none-eabi/7.3.1/../../../../arm-none-eabi/lib/thumb/v7e-m/fpv5/hard/libc_nano.a(lib_a-nano-freer.o)
                0x000000000800fbd0                _free_r
 .text._realloc_r
                0x000000000800fc6c       0x4c /opt/st/stm32cubeide_1.0.1/plugins/com.st.stm32cube.ide.mcu.externaltools.gnu-tools-for-stm32.7-2018-q2-update.linux64_1.0.0.201904181610/tools/bin/../lib/gcc/arm-none-eabi/7.3.1/../../../../arm-none-eabi/lib/thumb/v7e-m/fpv5/hard/libc_nano.a(lib_a-nano-reallocr.o)
                0x000000000800fc6c                _realloc_r
 .text._malloc_usable_size_r
                0x000000000800fcb8       0x10 /opt/st/stm32cubeide_1.0.1/plugins/com.st.stm32cube.ide.mcu.externaltools.gnu-tools-for-stm32.7-2018-q2-update.linux64_1.0.0.201904181610/tools/bin/../lib/gcc/arm-none-eabi/7.3.1/../../../../arm-none-eabi/lib/thumb/v7e-m/fpv5/hard/libc_nano.a(lib_a-nano-msizer.o)
                0x000000000800fcb8                _malloc_usable_size_r
 .text.pow      0x000000000800fcc8      0x25c /opt/st/stm32cubeide_1.0.1/plugins/com.st.stm32cube.ide.mcu.externaltools.gnu-tools-for-stm32.7-2018-q2-update.linux64_1.0.0.201904181610/tools/bin/../lib/gcc/arm-none-eabi/7.3.1/../../../../arm-none-eabi/lib/thumb/v7e-m/fpv5/hard/libm.a(lib_a-w_pow.o)
                0x000000000800fcc8                pow
 *fill*         0x000000000800ff24        0x4 
 .text.sqrt     0x000000000800ff28       0x98 /opt/st/stm32cubeide_1.0.1/plugins/com.st.stm32cube.ide.mcu.externaltools.gnu-tools-for-stm32.7-2018-q2-update.linux64_1.0.0.201904181610/tools/bin/../lib/gcc/arm-none-eabi/7.3.1/../../../../arm-none-eabi/lib/thumb/v7e-m/fpv5/hard/libm.a(lib_a-w_sqrt.o)
                0x000000000800ff28                sqrt
 .text.__ieee754_pow
                0x000000000800ffc0      0x70c /opt/st/stm32cubeide_1.0.1/plugins/com.st.stm32cube.ide.mcu.externaltools.gnu-tools-for-stm32.7-2018-q2-update.linux64_1.0.0.201904181610/tools/bin/../lib/gcc/arm-none-eabi/7.3.1/../../../../arm-none-eabi/lib/thumb/v7e-m/fpv5/hard/libm.a(lib_a-e_pow.o)
                0x000000000800ffc0                __ieee754_pow
 .text.__ieee754_sqrt
                0x00000000080106cc        0x6 /opt/st/stm32cubeide_1.0.1/plugins/com.st.stm32cube.ide.mcu.externaltools.gnu-tools-for-stm32.7-2018-q2-update.linux64_1.0.0.201904181610/tools/bin/../lib/gcc/arm-none-eabi/7.3.1/../../../../arm-none-eabi/lib/thumb/v7e-m/fpv5/hard/libm.a(lib_a-e_sqrt.o)
                0x00000000080106cc                __ieee754_sqrt
 .text.fabs     0x00000000080106d2       0x12 /opt/st/stm32cubeide_1.0.1/plugins/com.st.stm32cube.ide.mcu.externaltools.gnu-tools-for-stm32.7-2018-q2-update.linux64_1.0.0.201904181610/tools/bin/../lib/gcc/arm-none-eabi/7.3.1/../../../../arm-none-eabi/lib/thumb/v7e-m/fpv5/hard/libm.a(lib_a-s_fabs.o)
                0x00000000080106d2                fabs
 .text.finite   0x00000000080106e4       0x10 /opt/st/stm32cubeide_1.0.1/plugins/com.st.stm32cube.ide.mcu.externaltools.gnu-tools-for-stm32.7-2018-q2-update.linux64_1.0.0.201904181610/tools/bin/../lib/gcc/arm-none-eabi/7.3.1/../../../../arm-none-eabi/lib/thumb/v7e-m/fpv5/hard/libm.a(lib_a-s_finite.o)
                0x00000000080106e4                finite
 .text.matherr  0x00000000080106f4        0x4 /opt/st/stm32cubeide_1.0.1/plugins/com.st.stm32cube.ide.mcu.externaltools.gnu-tools-for-stm32.7-2018-q2-update.linux64_1.0.0.201904181610/tools/bin/../lib/gcc/arm-none-eabi/7.3.1/../../../../arm-none-eabi/lib/thumb/v7e-m/fpv5/hard/libm.a(lib_a-s_matherr.o)
                0x00000000080106f4                matherr
 .text.nan      0x00000000080106f8       0x10 /opt/st/stm32cubeide_1.0.1/plugins/com.st.stm32cube.ide.mcu.externaltools.gnu-tools-for-stm32.7-2018-q2-update.linux64_1.0.0.201904181610/tools/bin/../lib/gcc/arm-none-eabi/7.3.1/../../../../arm-none-eabi/lib/thumb/v7e-m/fpv5/hard/libm.a(lib_a-s_nan.o)
                0x00000000080106f8                nan
 .text.rint     0x0000000008010708      0x114 /opt/st/stm32cubeide_1.0.1/plugins/com.st.stm32cube.ide.mcu.externaltools.gnu-tools-for-stm32.7-2018-q2-update.linux64_1.0.0.201904181610/tools/bin/../lib/gcc/arm-none-eabi/7.3.1/../../../../arm-none-eabi/lib/thumb/v7e-m/fpv5/hard/libm.a(lib_a-s_rint.o)
                0x0000000008010708                rint
 *fill*         0x000000000801081c        0x4 
 .text.scalbn   0x0000000008010820       0xfc /opt/st/stm32cubeide_1.0.1/plugins/com.st.stm32cube.ide.mcu.externaltools.gnu-tools-for-stm32.7-2018-q2-update.linux64_1.0.0.201904181610/tools/bin/../lib/gcc/arm-none-eabi/7.3.1/../../../../arm-none-eabi/lib/thumb/v7e-m/fpv5/hard/libm.a(lib_a-s_scalbn.o)
                0x0000000008010820                scalbn
 .text.copysign
                0x000000000801091c       0x1e /opt/st/stm32cubeide_1.0.1/plugins/com.st.stm32cube.ide.mcu.externaltools.gnu-tools-for-stm32.7-2018-q2-update.linux64_1.0.0.201904181610/tools/bin/../lib/gcc/arm-none-eabi/7.3.1/../../../../arm-none-eabi/lib/thumb/v7e-m/fpv5/hard/libm.a(lib_a-s_copysign.o)
                0x000000000801091c                copysign
 *(.glue_7)
 .glue_7        0x000000000801093a        0x0 linker stubs
 *(.glue_7t)
 .glue_7t       0x000000000801093a        0x0 linker stubs
 *(.eh_frame)
 *fill*         0x000000000801093a        0x2 
 .eh_frame      0x000000000801093c        0x0 /opt/st/stm32cubeide_1.0.1/plugins/com.st.stm32cube.ide.mcu.externaltools.gnu-tools-for-stm32.7-2018-q2-update.linux64_1.0.0.201904181610/tools/bin/../lib/gcc/arm-none-eabi/7.3.1/thumb/v7e-m/fpv5/hard/crtbegin.o
 *(.init)
 .init          0x000000000801093c        0x4 /opt/st/stm32cubeide_1.0.1/plugins/com.st.stm32cube.ide.mcu.externaltools.gnu-tools-for-stm32.7-2018-q2-update.linux64_1.0.0.201904181610/tools/bin/../lib/gcc/arm-none-eabi/7.3.1/thumb/v7e-m/fpv5/hard/crti.o
                0x000000000801093c                _init
 .init          0x0000000008010940        0x8 /opt/st/stm32cubeide_1.0.1/plugins/com.st.stm32cube.ide.mcu.externaltools.gnu-tools-for-stm32.7-2018-q2-update.linux64_1.0.0.201904181610/tools/bin/../lib/gcc/arm-none-eabi/7.3.1/thumb/v7e-m/fpv5/hard/crtn.o
 *(.fini)
 .fini          0x0000000008010948        0x4 /opt/st/stm32cubeide_1.0.1/plugins/com.st.stm32cube.ide.mcu.externaltools.gnu-tools-for-stm32.7-2018-q2-update.linux64_1.0.0.201904181610/tools/bin/../lib/gcc/arm-none-eabi/7.3.1/thumb/v7e-m/fpv5/hard/crti.o
                0x0000000008010948                _fini
 .fini          0x000000000801094c        0x8 /opt/st/stm32cubeide_1.0.1/plugins/com.st.stm32cube.ide.mcu.externaltools.gnu-tools-for-stm32.7-2018-q2-update.linux64_1.0.0.201904181610/tools/bin/../lib/gcc/arm-none-eabi/7.3.1/thumb/v7e-m/fpv5/hard/crtn.o
                0x0000000008010954                . = ALIGN (0x4)
                0x0000000008010954                _etext = .

.vfp11_veneer   0x0000000008010954        0x0
 .vfp11_veneer  0x0000000008010954        0x0 linker stubs

.v4_bx          0x0000000008010954        0x0
 .v4_bx         0x0000000008010954        0x0 linker stubs

.iplt           0x0000000008010954        0x0
 .iplt          0x0000000008010954        0x0 /opt/st/stm32cubeide_1.0.1/plugins/com.st.stm32cube.ide.mcu.externaltools.gnu-tools-for-stm32.7-2018-q2-update.linux64_1.0.0.201904181610/tools/bin/../lib/gcc/arm-none-eabi/7.3.1/thumb/v7e-m/fpv5/hard/crtbegin.o

.rodata         0x0000000008010958      0x7d8
                0x0000000008010958                . = ALIGN (0x4)
 *(.rodata)
 .rodata        0x0000000008010958       0x10 Drivers/STM32H7xx_HAL_Driver/Src/stm32h7xx_hal_uart_ex.o
 .rodata        0x0000000008010968       0x31 Src/main_task.o
 *fill*         0x0000000008010999        0x3 
 .rodata        0x000000000801099c       0x98 Src/motion_control.o
 .rodata        0x0000000008010a34       0x7a Src/obj_control.o
 *fill*         0x0000000008010aae        0x2 
 .rodata        0x0000000008010ab0      0x216 Src/serial_interface.o
 *fill*         0x0000000008010cc6        0x2 
 .rodata        0x0000000008010cc8      0x108 Src/settings.o
 .rodata        0x0000000008010dd0        0x2 Src/uart.o
 *fill*         0x0000000008010dd2        0x2 
 .rodata        0x0000000008010dd4        0x3 Src/uart2.o
 *(.rodata*)
 *fill*         0x0000000008010dd7        0x1 
 .rodata.rounders
                0x0000000008010dd8       0x58 Src/_string.o
 .rodata.D1CorePrescTable
                0x0000000008010e30       0x10 Src/system_stm32h7xx.o
                0x0000000008010e30                D1CorePrescTable
 .rodata._strtod_l.str1.1
                0x0000000008010e40        0xc /opt/st/stm32cubeide_1.0.1/plugins/com.st.stm32cube.ide.mcu.externaltools.gnu-tools-for-stm32.7-2018-q2-update.linux64_1.0.0.201904181610/tools/bin/../lib/gcc/arm-none-eabi/7.3.1/../../../../arm-none-eabi/lib/thumb/v7e-m/fpv5/hard/libc_nano.a(lib_a-strtod.o)
 .rodata.fpi.7435
                0x0000000008010e4c       0x14 /opt/st/stm32cubeide_1.0.1/plugins/com.st.stm32cube.ide.mcu.externaltools.gnu-tools-for-stm32.7-2018-q2-update.linux64_1.0.0.201904181610/tools/bin/../lib/gcc/arm-none-eabi/7.3.1/../../../../arm-none-eabi/lib/thumb/v7e-m/fpv5/hard/libc_nano.a(lib_a-strtod.o)
 .rodata.fpinan.7471
                0x0000000008010e60       0x14 /opt/st/stm32cubeide_1.0.1/plugins/com.st.stm32cube.ide.mcu.externaltools.gnu-tools-for-stm32.7-2018-q2-update.linux64_1.0.0.201904181610/tools/bin/../lib/gcc/arm-none-eabi/7.3.1/../../../../arm-none-eabi/lib/thumb/v7e-m/fpv5/hard/libc_nano.a(lib_a-strtod.o)
 *fill*         0x0000000008010e74        0x4 
 .rodata.tinytens
                0x0000000008010e78       0x28 /opt/st/stm32cubeide_1.0.1/plugins/com.st.stm32cube.ide.mcu.externaltools.gnu-tools-for-stm32.7-2018-q2-update.linux64_1.0.0.201904181610/tools/bin/../lib/gcc/arm-none-eabi/7.3.1/../../../../arm-none-eabi/lib/thumb/v7e-m/fpv5/hard/libc_nano.a(lib_a-strtod.o)
 .rodata._setlocale_r.str1.1
                0x0000000008010ea0        0x8 /opt/st/stm32cubeide_1.0.1/plugins/com.st.stm32cube.ide.mcu.externaltools.gnu-tools-for-stm32.7-2018-q2-update.linux64_1.0.0.201904181610/tools/bin/../lib/gcc/arm-none-eabi/7.3.1/../../../../arm-none-eabi/lib/thumb/v7e-m/fpv5/hard/libc_nano.a(lib_a-locale.o)
                                          0x9 (size before relaxing)
 .rodata.str1.1
                0x0000000008010ea8        0x2 /opt/st/stm32cubeide_1.0.1/plugins/com.st.stm32cube.ide.mcu.externaltools.gnu-tools-for-stm32.7-2018-q2-update.linux64_1.0.0.201904181610/tools/bin/../lib/gcc/arm-none-eabi/7.3.1/../../../../arm-none-eabi/lib/thumb/v7e-m/fpv5/hard/libc_nano.a(lib_a-locale.o)
 *fill*         0x0000000008010eaa        0x6 
 .rodata.__mprec_bigtens
                0x0000000008010eb0       0x28 /opt/st/stm32cubeide_1.0.1/plugins/com.st.stm32cube.ide.mcu.externaltools.gnu-tools-for-stm32.7-2018-q2-update.linux64_1.0.0.201904181610/tools/bin/../lib/gcc/arm-none-eabi/7.3.1/../../../../arm-none-eabi/lib/thumb/v7e-m/fpv5/hard/libc_nano.a(lib_a-mprec.o)
                0x0000000008010eb0                __mprec_bigtens
 .rodata.__mprec_tens
                0x0000000008010ed8       0xc8 /opt/st/stm32cubeide_1.0.1/plugins/com.st.stm32cube.ide.mcu.externaltools.gnu-tools-for-stm32.7-2018-q2-update.linux64_1.0.0.201904181610/tools/bin/../lib/gcc/arm-none-eabi/7.3.1/../../../../arm-none-eabi/lib/thumb/v7e-m/fpv5/hard/libc_nano.a(lib_a-mprec.o)
                0x0000000008010ed8                __mprec_tens
 .rodata.p05.7359
                0x0000000008010fa0        0xc /opt/st/stm32cubeide_1.0.1/plugins/com.st.stm32cube.ide.mcu.externaltools.gnu-tools-for-stm32.7-2018-q2-update.linux64_1.0.0.201904181610/tools/bin/../lib/gcc/arm-none-eabi/7.3.1/../../../../arm-none-eabi/lib/thumb/v7e-m/fpv5/hard/libc_nano.a(lib_a-mprec.o)
 .rodata._svfprintf_r.str1.1
                0x0000000008010fac       0x11 /opt/st/stm32cubeide_1.0.1/plugins/com.st.stm32cube.ide.mcu.externaltools.gnu-tools-for-stm32.7-2018-q2-update.linux64_1.0.0.201904181610/tools/bin/../lib/gcc/arm-none-eabi/7.3.1/../../../../arm-none-eabi/lib/thumb/v7e-m/fpv5/hard/libc_nano.a(lib_a-nano-svfprintf.o)
 .rodata._printf_i.str1.1
                0x0000000008010fbd       0x22 /opt/st/stm32cubeide_1.0.1/plugins/com.st.stm32cube.ide.mcu.externaltools.gnu-tools-for-stm32.7-2018-q2-update.linux64_1.0.0.201904181610/tools/bin/../lib/gcc/arm-none-eabi/7.3.1/../../../../arm-none-eabi/lib/thumb/v7e-m/fpv5/hard/libc_nano.a(lib_a-nano-vfprintf_i.o)
 .rodata._ctype_
                0x0000000008010fdf      0x101 /opt/st/stm32cubeide_1.0.1/plugins/com.st.stm32cube.ide.mcu.externaltools.gnu-tools-for-stm32.7-2018-q2-update.linux64_1.0.0.201904181610/tools/bin/../lib/gcc/arm-none-eabi/7.3.1/../../../../arm-none-eabi/lib/thumb/v7e-m/fpv5/hard/libc_nano.a(lib_a-ctype_.o)
                0x0000000008010fdf                _ctype_
 .rodata.pow.str1.1
                0x00000000080110e0        0x4 /opt/st/stm32cubeide_1.0.1/plugins/com.st.stm32cube.ide.mcu.externaltools.gnu-tools-for-stm32.7-2018-q2-update.linux64_1.0.0.201904181610/tools/bin/../lib/gcc/arm-none-eabi/7.3.1/../../../../arm-none-eabi/lib/thumb/v7e-m/fpv5/hard/libm.a(lib_a-w_pow.o)
 .rodata.sqrt.str1.1
                0x00000000080110e4        0x5 /opt/st/stm32cubeide_1.0.1/plugins/com.st.stm32cube.ide.mcu.externaltools.gnu-tools-for-stm32.7-2018-q2-update.linux64_1.0.0.201904181610/tools/bin/../lib/gcc/arm-none-eabi/7.3.1/../../../../arm-none-eabi/lib/thumb/v7e-m/fpv5/hard/libm.a(lib_a-w_sqrt.o)
 .rodata.__ieee754_pow.str1.1
                0x00000000080110e9        0x1 /opt/st/stm32cubeide_1.0.1/plugins/com.st.stm32cube.ide.mcu.externaltools.gnu-tools-for-stm32.7-2018-q2-update.linux64_1.0.0.201904181610/tools/bin/../lib/gcc/arm-none-eabi/7.3.1/../../../../arm-none-eabi/lib/thumb/v7e-m/fpv5/hard/libm.a(lib_a-e_pow.o)
 *fill*         0x00000000080110e9        0x7 
 .rodata.bp     0x00000000080110f0       0x10 /opt/st/stm32cubeide_1.0.1/plugins/com.st.stm32cube.ide.mcu.externaltools.gnu-tools-for-stm32.7-2018-q2-update.linux64_1.0.0.201904181610/tools/bin/../lib/gcc/arm-none-eabi/7.3.1/../../../../arm-none-eabi/lib/thumb/v7e-m/fpv5/hard/libm.a(lib_a-e_pow.o)
 .rodata.dp_h   0x0000000008011100       0x10 /opt/st/stm32cubeide_1.0.1/plugins/com.st.stm32cube.ide.mcu.externaltools.gnu-tools-for-stm32.7-2018-q2-update.linux64_1.0.0.201904181610/tools/bin/../lib/gcc/arm-none-eabi/7.3.1/../../../../arm-none-eabi/lib/thumb/v7e-m/fpv5/hard/libm.a(lib_a-e_pow.o)
 .rodata.dp_l   0x0000000008011110       0x10 /opt/st/stm32cubeide_1.0.1/plugins/com.st.stm32cube.ide.mcu.externaltools.gnu-tools-for-stm32.7-2018-q2-update.linux64_1.0.0.201904181610/tools/bin/../lib/gcc/arm-none-eabi/7.3.1/../../../../arm-none-eabi/lib/thumb/v7e-m/fpv5/hard/libm.a(lib_a-e_pow.o)
 .rodata.TWO52  0x0000000008011120       0x10 /opt/st/stm32cubeide_1.0.1/plugins/com.st.stm32cube.ide.mcu.externaltools.gnu-tools-for-stm32.7-2018-q2-update.linux64_1.0.0.201904181610/tools/bin/../lib/gcc/arm-none-eabi/7.3.1/../../../../arm-none-eabi/lib/thumb/v7e-m/fpv5/hard/libm.a(lib_a-s_rint.o)
                0x0000000008011130                . = ALIGN (0x4)

.ARM.extab      0x0000000008011130        0x0
                0x0000000008011130                . = ALIGN (0x4)
 *(.ARM.extab* .gnu.linkonce.armextab.*)
                0x0000000008011130                . = ALIGN (0x4)

.ARM            0x0000000008011130        0x8
                0x0000000008011130                . = ALIGN (0x4)
                0x0000000008011130                __exidx_start = .
 *(.ARM.exidx*)
 .ARM.exidx     0x0000000008011130        0x8 /opt/st/stm32cubeide_1.0.1/plugins/com.st.stm32cube.ide.mcu.externaltools.gnu-tools-for-stm32.7-2018-q2-update.linux64_1.0.0.201904181610/tools/bin/../lib/gcc/arm-none-eabi/7.3.1/thumb/v7e-m/fpv5/hard/libgcc.a(_udivmoddi4.o)
                0x0000000008011138                __exidx_end = .
                0x0000000008011138                . = ALIGN (0x4)

.rel.dyn        0x0000000008011138        0x0
 .rel.iplt      0x0000000008011138        0x0 /opt/st/stm32cubeide_1.0.1/plugins/com.st.stm32cube.ide.mcu.externaltools.gnu-tools-for-stm32.7-2018-q2-update.linux64_1.0.0.201904181610/tools/bin/../lib/gcc/arm-none-eabi/7.3.1/thumb/v7e-m/fpv5/hard/crtbegin.o

.preinit_array  0x0000000008011138        0x0
                0x0000000008011138                . = ALIGN (0x4)
                0x0000000008011138                PROVIDE (__preinit_array_start = .)
 *(.preinit_array*)
                0x0000000008011138                PROVIDE (__preinit_array_end = .)
                0x0000000008011138                . = ALIGN (0x4)

.init_array     0x0000000008011138        0x4
                0x0000000008011138                . = ALIGN (0x4)
                0x0000000008011138                PROVIDE (__init_array_start = .)
 *(SORT_BY_NAME(.init_array.*))
 *(.init_array*)
 .init_array    0x0000000008011138        0x4 /opt/st/stm32cubeide_1.0.1/plugins/com.st.stm32cube.ide.mcu.externaltools.gnu-tools-for-stm32.7-2018-q2-update.linux64_1.0.0.201904181610/tools/bin/../lib/gcc/arm-none-eabi/7.3.1/thumb/v7e-m/fpv5/hard/crtbegin.o
                0x000000000801113c                PROVIDE (__init_array_end = .)
                0x000000000801113c                . = ALIGN (0x4)

.fini_array     0x000000000801113c        0x4
                0x000000000801113c                . = ALIGN (0x4)
                [!provide]                        PROVIDE (__fini_array_start = .)
 *(SORT_BY_NAME(.fini_array.*))
 *(.fini_array*)
 .fini_array    0x000000000801113c        0x4 /opt/st/stm32cubeide_1.0.1/plugins/com.st.stm32cube.ide.mcu.externaltools.gnu-tools-for-stm32.7-2018-q2-update.linux64_1.0.0.201904181610/tools/bin/../lib/gcc/arm-none-eabi/7.3.1/thumb/v7e-m/fpv5/hard/crtbegin.o
                [!provide]                        PROVIDE (__fini_array_end = .)
                0x0000000008011140                . = ALIGN (0x4)
                0x0000000008011140                _sidata = LOADADDR (.data)

.data           0x0000000024000000      0x27c load address 0x0000000008011140
                0x0000000024000000                . = ALIGN (0x4)
                0x0000000024000000                _sdata = .
 *(.data)
 *(.data*)
 .data.uwTickPrio
                0x0000000024000000        0x4 Drivers/STM32H7xx_HAL_Driver/Src/stm32h7xx_hal.o
 .data.uwTickFreq
                0x0000000024000004        0x1 Drivers/STM32H7xx_HAL_Driver/Src/stm32h7xx_hal.o
 *fill*         0x0000000024000005        0x3 
 .data.l_rod    0x0000000024000008        0x4 Src/calculates.o
                0x0000000024000008                l_rod
 .data.offsetA  0x000000002400000c        0xc Src/calculates.o
                0x000000002400000c                offsetA
 .data.offsetB  0x0000000024000018        0xc Src/calculates.o
                0x0000000024000018                offsetB
 .data.offsetC  0x0000000024000024        0xc Src/calculates.o
                0x0000000024000024                offsetC
 .data.zero_A   0x0000000024000030        0x4 Src/calculates.o
                0x0000000024000030                zero_A
 .data.zero_B   0x0000000024000034        0x4 Src/calculates.o
                0x0000000024000034                zero_B
 .data.zero_C   0x0000000024000038        0x4 Src/calculates.o
                0x0000000024000038                zero_C
 .data.softlimit_max
                0x000000002400003c        0x4 Src/motion_control.o
                0x000000002400003c                softlimit_max
 .data.softlimit_min
                0x0000000024000040        0x4 Src/motion_control.o
                0x0000000024000040                softlimit_min
 .data.k_axis   0x0000000024000044        0xc Src/motion_control.o
                0x0000000024000044                k_axis
 .data.accel    0x0000000024000050        0xc Src/motion_control.o
                0x0000000024000050                accel
 .data.global_switch_vacuum
                0x000000002400005c        0x1 Src/motion_control.o
                0x000000002400005c                global_switch_vacuum
 .data.flag_camera_en
                0x000000002400005d        0x1 Src/obj_control.o
                0x000000002400005d                flag_camera_en
 *fill*         0x000000002400005e        0x2 
 .data.detection_line
                0x0000000024000060        0x4 Src/obj_control.o
                0x0000000024000060                detection_line
 .data.capture_line
                0x0000000024000064        0x4 Src/obj_control.o
                0x0000000024000064                capture_line
 .data.add_y_dist
                0x0000000024000068        0x4 Src/obj_control.o
                0x0000000024000068                add_y_dist
 .data.max_y    0x000000002400006c        0x4 Src/obj_control.o
                0x000000002400006c                max_y
 .data.min_y    0x0000000024000070        0x4 Src/obj_control.o
                0x0000000024000070                min_y
 .data.zero_x_line
                0x0000000024000074        0x4 Src/obj_control.o
                0x0000000024000074                zero_x_line
 .data.z_before_capture
                0x0000000024000078        0x4 Src/obj_control.o
                0x0000000024000078                z_before_capture
 .data.z_capture
                0x000000002400007c        0x4 Src/obj_control.o
                0x000000002400007c                z_capture
 .data.z_past_capture
                0x0000000024000080        0x4 Src/obj_control.o
                0x0000000024000080                z_past_capture
 .data.z_before_drop
                0x0000000024000084        0x4 Src/obj_control.o
                0x0000000024000084                z_before_drop
 .data.i_curr_obj
                0x0000000024000088        0x4 Src/obj_control.o
                0x0000000024000088                i_curr_obj
 .data.flag_put_obj
                0x000000002400008c        0x4 Src/obj_control.o
                0x000000002400008c                flag_put_obj
 .data.accel_captur
                0x0000000024000090        0x4 Src/obj_control.o
                0x0000000024000090                accel_captur
 .data.counter_period
                0x0000000024000094        0x4 Src/pulse_control.o
                0x0000000024000094                counter_period
 .data.count_last_pulls
                0x0000000024000098        0x4 Src/pulse_control.o
                0x0000000024000098                count_last_pulls
 .data.SystemCoreClock
                0x000000002400009c        0x4 Src/system_stm32h7xx.o
                0x000000002400009c                SystemCoreClock
 .data.SystemD2Clock
                0x00000000240000a0        0x4 Src/system_stm32h7xx.o
                0x00000000240000a0                SystemD2Clock
 .data.readATSerialBuff_flag
                0x00000000240000a4        0x1 Src/uart.o
                0x00000000240000a4                readATSerialBuff_flag
 .data.readATSerialBuff_flag_u2
                0x00000000240000a5        0x1 Src/uart2.o
                0x00000000240000a5                readATSerialBuff_flag_u2
 *fill*         0x00000000240000a6        0x2 
 .data._impure_ptr
                0x00000000240000a8        0x4 /opt/st/stm32cubeide_1.0.1/plugins/com.st.stm32cube.ide.mcu.externaltools.gnu-tools-for-stm32.7-2018-q2-update.linux64_1.0.0.201904181610/tools/bin/../lib/gcc/arm-none-eabi/7.3.1/../../../../arm-none-eabi/lib/thumb/v7e-m/fpv5/hard/libc_nano.a(lib_a-impure.o)
                0x00000000240000a8                _impure_ptr
 .data.impure_data
                0x00000000240000ac       0x60 /opt/st/stm32cubeide_1.0.1/plugins/com.st.stm32cube.ide.mcu.externaltools.gnu-tools-for-stm32.7-2018-q2-update.linux64_1.0.0.201904181610/tools/bin/../lib/gcc/arm-none-eabi/7.3.1/../../../../arm-none-eabi/lib/thumb/v7e-m/fpv5/hard/libc_nano.a(lib_a-impure.o)
 .data.__global_locale
                0x000000002400010c      0x16c /opt/st/stm32cubeide_1.0.1/plugins/com.st.stm32cube.ide.mcu.externaltools.gnu-tools-for-stm32.7-2018-q2-update.linux64_1.0.0.201904181610/tools/bin/../lib/gcc/arm-none-eabi/7.3.1/../../../../arm-none-eabi/lib/thumb/v7e-m/fpv5/hard/libc_nano.a(lib_a-locale.o)
                0x000000002400010c                __global_locale
 .data.__fdlib_version
                0x0000000024000278        0x1 /opt/st/stm32cubeide_1.0.1/plugins/com.st.stm32cube.ide.mcu.externaltools.gnu-tools-for-stm32.7-2018-q2-update.linux64_1.0.0.201904181610/tools/bin/../lib/gcc/arm-none-eabi/7.3.1/../../../../arm-none-eabi/lib/thumb/v7e-m/fpv5/hard/libm.a(lib_a-s_lib_ver.o)
                0x0000000024000278                __fdlib_version
                0x000000002400027c                . = ALIGN (0x4)
 *fill*         0x0000000024000279        0x3 
                0x000000002400027c                _edata = .

.igot.plt       0x000000002400027c        0x0 load address 0x00000000080113bc
 .igot.plt      0x000000002400027c        0x0 /opt/st/stm32cubeide_1.0.1/plugins/com.st.stm32cube.ide.mcu.externaltools.gnu-tools-for-stm32.7-2018-q2-update.linux64_1.0.0.201904181610/tools/bin/../lib/gcc/arm-none-eabi/7.3.1/thumb/v7e-m/fpv5/hard/crtbegin.o
                0x000000002400027c                . = ALIGN (0x4)

.bss            0x000000002400027c     0x1d28 load address 0x00000000080113bc
                0x000000002400027c                _sbss = .
                0x000000002400027c                __bss_start__ = _sbss
 *(.bss)
 .bss           0x000000002400027c       0x1c /opt/st/stm32cubeide_1.0.1/plugins/com.st.stm32cube.ide.mcu.externaltools.gnu-tools-for-stm32.7-2018-q2-update.linux64_1.0.0.201904181610/tools/bin/../lib/gcc/arm-none-eabi/7.3.1/thumb/v7e-m/fpv5/hard/crtbegin.o
 *(.bss*)
 .bss.uwTick    0x0000000024000298        0x4 Drivers/STM32H7xx_HAL_Driver/Src/stm32h7xx_hal.o
 .bss.positionA
                0x000000002400029c        0xc Src/calculates.o
                0x000000002400029c                positionA
 .bss.positionB
                0x00000000240002a8        0xc Src/calculates.o
                0x00000000240002a8                positionB
 .bss.positionC
                0x00000000240002b4        0xc Src/calculates.o
                0x00000000240002b4                positionC
 .bss.limit_switch_a
                0x00000000240002c0        0x1 Src/motion_control.o
                0x00000000240002c0                limit_switch_a
 .bss.limit_switch_b
                0x00000000240002c1        0x1 Src/motion_control.o
                0x00000000240002c1                limit_switch_b
 .bss.limit_switch_c
                0x00000000240002c2        0x1 Src/motion_control.o
                0x00000000240002c2                limit_switch_c
 .bss.ini_a_ok  0x00000000240002c3        0x1 Src/motion_control.o
                0x00000000240002c3                ini_a_ok
 .bss.ini_b_ok  0x00000000240002c4        0x1 Src/motion_control.o
                0x00000000240002c4                ini_b_ok
 .bss.ini_c_ok  0x00000000240002c5        0x1 Src/motion_control.o
                0x00000000240002c5                ini_c_ok
 *fill*         0x00000000240002c6        0x2 
 .bss.old_pos   0x00000000240002c8        0xc Src/motion_control.o
                0x00000000240002c8                old_pos
 .bss.pos_steps
                0x00000000240002d4        0xc Src/motion_control.o
                0x00000000240002d4                pos_steps
 .bss.flag_do_move
                0x00000000240002e0        0x1 Src/motion_control.o
                0x00000000240002e0                flag_do_move
 .bss.flag_axises_zero