stm32h7xx_hal.c:126:19:HAL_Init	8	static
stm32h7xx_hal.c:155:19:HAL_DeInit	8	static
stm32h7xx_hal.c:196:13:HAL_MspInit	4	static
stm32h7xx_hal.c:207:13:HAL_MspDeInit	4	static
stm32h7xx_hal.c:230:26:HAL_InitTick	16	static
stm32h7xx_hal.c:316:13:HAL_IncTick	4	static
stm32h7xx_hal.c:327:17:HAL_GetTick	4	static
stm32h7xx_hal.c:336:10:HAL_GetTickPrio	4	static
stm32h7xx_hal.c:345:19:HAL_SetTickFreq	24	static
stm32h7xx_hal.c:365:21:HAL_GetTickFreq	4	static
stm32h7xx_hal.c:381:13:HAL_Delay	24	static
stm32h7xx_hal.c:407:13:HAL_SuspendTick	4	static
stm32h7xx_hal.c:423:13:HAL_ResumeTick	4	static
stm32h7xx_hal.c:433:10:HAL_GetHalVersion	4	static
stm32h7xx_hal.c:442:10:HAL_GetREVID	4	static
stm32h7xx_hal.c:451:10:HAL_GetDEVID	4	static
stm32h7xx_hal.c:470:6:HAL_SYSCFG_VREFBUF_VoltageScalingConfig	16	static
stm32h7xx_hal.c:486:6:HAL_SYSCFG_VREFBUF_HighImpedanceConfig	16	static
stm32h7xx_hal.c:498:6:HAL_SYSCFG_VREFBUF_TrimmingConfig	16	static
stm32h7xx_hal.c:510:19:HAL_SYSCFG_EnableVREFBUF	16	static
stm32h7xx_hal.c:536:6:HAL_SYSCFG_DisableVREFBUF	4	static
stm32h7xx_hal.c:549:6:HAL_SYSCFG_ETHInterfaceSelect	16	static
stm32h7xx_hal.c:579:6:HAL_SYSCFG_AnalogSwitchConfig	16	static
stm32h7xx_hal.c:597:6:HAL_SYSCFG_EnableBOOST	4	static
stm32h7xx_hal.c:609:6:HAL_SYSCFG_DisableBOOST	4	static
stm32h7xx_hal.c:624:6:HAL_SYSCFG_CM7BootAddConfig	16	static
stm32h7xx_hal.c:724:6:HAL_EnableCompensationCell	4	static
stm32h7xx_hal.c:735:6:HAL_DisableCompensationCell	4	static
stm32h7xx_hal.c:748:6:HAL_SYSCFG_EnableIOSpeedOptimize	4	static
stm32h7xx_hal.c:760:6:HAL_SYSCFG_DisableIOSpeedOptimize	4	static
stm32h7xx_hal.c:773:6:HAL_SYSCFG_CompensationCodeSelect	16	static
stm32h7xx_hal.c:790:6:HAL_SYSCFG_CompensationCodeConfig	16	static
stm32h7xx_hal.c:803:6:HAL_DBGMCU_EnableDBGSleepMode	4	static
stm32h7xx_hal.c:812:6:HAL_DBGMCU_DisableDBGSleepMode	4	static
stm32h7xx_hal.c:821:6:HAL_DBGMCU_EnableDBGStopMode	4	static
stm32h7xx_hal.c:830:6:HAL_DBGMCU_DisableDBGStopMode	4	static
stm32h7xx_hal.c:839:6:HAL_DBGMCU_EnableDBGStandbyMode	4	static
stm32h7xx_hal.c:848:6:HAL_DBGMCU_DisableDBGStandbyMode	4	static
stm32h7xx_hal.c:914:6:HAL_EnableDomain3DBGStopMode	4	static
stm32h7xx_hal.c:923:6:HAL_DisableDomain3DBGStopMode	4	static
stm32h7xx_hal.c:932:6:HAL_EnableDomain3DBGStandbyMode	4	static
stm32h7xx_hal.c:941:6:HAL_DisableDomain3DBGStandbyMode	4	static
stm32h7xx_hal.c:952:6:HAL_SetFMCMemorySwappingConfig	16	static
stm32h7xx_hal.c:964:10:HAL_GetFMCMemorySwappingConfig	4	static
stm32h7xx_hal.c:981:6:HAL_EXTI_EdgeConfig	16	static
stm32h7xx_hal.c:1007:6:HAL_EXTI_GenerateSWInterrupt	16	static
stm32h7xx_hal.c:1022:6:HAL_EXTI_D1_ClearFlag	16	static
stm32h7xx_hal.c:1057:6:HAL_EXTI_D1_EventInputConfig	24	static
stm32h7xx_hal.c:1151:6:HAL_EXTI_D3_EventInputConfig	32	static
