_string.c:8:8:crypto_concat	64	dynamic
_string.c:59:8:crypto_substring	56	dynamic
_string.c:106:6:mooveChar	56	dynamic
_string.c:205:8:addCharTo	56	dynamic
_string.c:240:6:replaseChar	40	static
_string.c:271:6:changeChar	24	static
_string.c:286:6:addChar	24	static
_string.c:299:6:length	24	static
_string.c:313:5:countOf	24	static
_string.c:328:6:charAt	24	static
_string.c:335:6:copy	16	static
_string.c:347:6:clearArray	24	static
_string.c:356:6:clearArray_int	24	static
_string.c:365:6:clearStr	16	static
_string.c:378:7:indexOf	24	static
_string.c:395:6:indexOfStr	40	static
_string.c:438:6:lastIndexOf	24	static
_string.c:455:8:indexOfAfter	32	static
_string.c:470:7:indexOfCount	32	static
_string.c:508:6:startsWith	24	static
_string.c:525:7:startsWithEnyLength	16	static
_string.c:541:8:equality	24	static
_string.c:568:9:concat	64	dynamic
_string.c:638:8:concat_count	64	dynamic
_string.c:693:7:toLowerCase	48	dynamic
_string.c:746:8:toUpperCase	56	dynamic
_string.c:807:10:substring	64	dynamic
_string.c:863:9:trimChar	64	dynamic
_string.c:909:8:trim	64	dynamic
_string.c:963:10:intToStr	64	static
_string.c:1029:10:toFloat	48	static
_string.c:1070:13:toInt	32	static
_string.c:1105:11:toIntLast	32	static
_string.c:1152:11:toIntFirst	32	static
_string.c:1245:8:ftoa	56	static
